0 info it worked if it ends with ok
1 verbose cli [ 'node', '/usr/local/bin/npm', 'install' ]
2 info using npm@1.4.14
3 info using node@v0.10.29
4 verbose readDependencies using package.json deps
5 verbose install where, deps [ '/Users/null/sonatype/insight-brain/insight-brain-service',
5 verbose install   [ 'connect-livereload',
5 verbose install     'grunt',
5 verbose install     'grunt-autoprefixer',
5 verbose install     'grunt-concurrent',
5 verbose install     'grunt-connect-proxy',
5 verbose install     'grunt-contrib-clean',
5 verbose install     'grunt-contrib-concat',
5 verbose install     'grunt-contrib-connect',
5 verbose install     'grunt-contrib-copy',
5 verbose install     'grunt-contrib-htmlmin',
5 verbose install     'grunt-contrib-jshint',
5 verbose install     'grunt-contrib-sass',
5 verbose install     'grunt-contrib-uglify',
5 verbose install     'grunt-contrib-watch',
5 verbose install     'grunt-karma',
5 verbose install     'grunt-ngmin',
5 verbose install     'grunt-open',
5 verbose install     'grunt-phantomas',
5 verbose install     'grunt-styleguide',
5 verbose install     'grunt-usemin',
5 verbose install     'karma',
5 verbose install     'karma-chrome-launcher',
5 verbose install     'karma-coverage',
5 verbose install     'karma-firefox-launcher',
5 verbose install     'karma-jasmine',
5 verbose install     'karma-phantomjs-launcher',
5 verbose install     'karma-requirejs',
5 verbose install     'karma-script-launcher',
5 verbose install     'load-grunt-tasks',
5 verbose install     'time-grunt',
5 verbose install     'xmldom' ] ]
6 info preinstall insight-brain-service@1.12.0-SNAPSHOT
7 verbose readDependencies using package.json deps
8 verbose cache add [ 'connect-livereload@~0.3.2', null ]
9 verbose cache add name=undefined spec="connect-livereload@~0.3.2" args=["connect-livereload@~0.3.2",null]
10 verbose parsed url { protocol: null,
10 verbose parsed url   slashes: null,
10 verbose parsed url   auth: null,
10 verbose parsed url   host: null,
10 verbose parsed url   port: null,
10 verbose parsed url   hostname: null,
10 verbose parsed url   hash: null,
10 verbose parsed url   search: null,
10 verbose parsed url   query: null,
10 verbose parsed url   pathname: 'connect-livereload@~0.3.2',
10 verbose parsed url   path: 'connect-livereload@~0.3.2',
10 verbose parsed url   href: 'connect-livereload@~0.3.2' }
11 verbose cache add [ 'grunt@~0.4.2', null ]
12 verbose cache add name=undefined spec="grunt@~0.4.2" args=["grunt@~0.4.2",null]
13 verbose parsed url { protocol: null,
13 verbose parsed url   slashes: null,
13 verbose parsed url   auth: null,
13 verbose parsed url   host: null,
13 verbose parsed url   port: null,
13 verbose parsed url   hostname: null,
13 verbose parsed url   hash: null,
13 verbose parsed url   search: null,
13 verbose parsed url   query: null,
13 verbose parsed url   pathname: 'grunt@~0.4.2',
13 verbose parsed url   path: 'grunt@~0.4.2',
13 verbose parsed url   href: 'grunt@~0.4.2' }
14 verbose cache add name="connect-livereload" spec="~0.3.2" args=["connect-livereload","~0.3.2"]
15 verbose parsed url { protocol: null,
15 verbose parsed url   slashes: null,
15 verbose parsed url   auth: null,
15 verbose parsed url   host: null,
15 verbose parsed url   port: null,
15 verbose parsed url   hostname: null,
15 verbose parsed url   hash: null,
15 verbose parsed url   search: null,
15 verbose parsed url   query: null,
15 verbose parsed url   pathname: '~0.3.2',
15 verbose parsed url   path: '~0.3.2',
15 verbose parsed url   href: '~0.3.2' }
16 verbose addNamed [ 'connect-livereload', '~0.3.2' ]
17 verbose addNamed [ null, '>=0.3.2-0 <0.4.0-0' ]
18 verbose cache add [ 'grunt-concurrent@~0.4.3', null ]
19 verbose cache add name=undefined spec="grunt-concurrent@~0.4.3" args=["grunt-concurrent@~0.4.3",null]
20 verbose parsed url { protocol: null,
20 verbose parsed url   slashes: null,
20 verbose parsed url   auth: null,
20 verbose parsed url   host: null,
20 verbose parsed url   port: null,
20 verbose parsed url   hostname: null,
20 verbose parsed url   hash: null,
20 verbose parsed url   search: null,
20 verbose parsed url   query: null,
20 verbose parsed url   pathname: 'grunt-concurrent@~0.4.3',
20 verbose parsed url   path: 'grunt-concurrent@~0.4.3',
20 verbose parsed url   href: 'grunt-concurrent@~0.4.3' }
21 verbose cache add [ 'grunt-autoprefixer@~0.6.5', null ]
22 verbose cache add name=undefined spec="grunt-autoprefixer@~0.6.5" args=["grunt-autoprefixer@~0.6.5",null]
23 verbose parsed url { protocol: null,
23 verbose parsed url   slashes: null,
23 verbose parsed url   auth: null,
23 verbose parsed url   host: null,
23 verbose parsed url   port: null,
23 verbose parsed url   hostname: null,
23 verbose parsed url   hash: null,
23 verbose parsed url   search: null,
23 verbose parsed url   query: null,
23 verbose parsed url   pathname: 'grunt-autoprefixer@~0.6.5',
23 verbose parsed url   path: 'grunt-autoprefixer@~0.6.5',
23 verbose parsed url   href: 'grunt-autoprefixer@~0.6.5' }
24 verbose cache add name="grunt" spec="~0.4.2" args=["grunt","~0.4.2"]
25 verbose parsed url { protocol: null,
25 verbose parsed url   slashes: null,
25 verbose parsed url   auth: null,
25 verbose parsed url   host: null,
25 verbose parsed url   port: null,
25 verbose parsed url   hostname: null,
25 verbose parsed url   hash: null,
25 verbose parsed url   search: null,
25 verbose parsed url   query: null,
25 verbose parsed url   pathname: '~0.4.2',
25 verbose parsed url   path: '~0.4.2',
25 verbose parsed url   href: '~0.4.2' }
26 verbose addNamed [ 'grunt', '~0.4.2' ]
27 verbose addNamed [ null, '>=0.4.2-0 <0.5.0-0' ]
28 silly lockFile a9c74e29-connect-livereload-0-3-2 connect-livereload@~0.3.2
29 verbose lock connect-livereload@~0.3.2 /Users/null/.npm/a9c74e29-connect-livereload-0-3-2.lock
30 silly lockFile 73260332-grunt-0-4-2 grunt@~0.4.2
31 verbose lock grunt@~0.4.2 /Users/null/.npm/73260332-grunt-0-4-2.lock
32 verbose cache add name="grunt-concurrent" spec="~0.4.3" args=["grunt-concurrent","~0.4.3"]
33 verbose parsed url { protocol: null,
33 verbose parsed url   slashes: null,
33 verbose parsed url   auth: null,
33 verbose parsed url   host: null,
33 verbose parsed url   port: null,
33 verbose parsed url   hostname: null,
33 verbose parsed url   hash: null,
33 verbose parsed url   search: null,
33 verbose parsed url   query: null,
33 verbose parsed url   pathname: '~0.4.3',
33 verbose parsed url   path: '~0.4.3',
33 verbose parsed url   href: '~0.4.3' }
34 verbose addNamed [ 'grunt-concurrent', '~0.4.3' ]
35 verbose addNamed [ null, '>=0.4.3-0 <0.5.0-0' ]
36 silly lockFile d7765af8-grunt-concurrent-0-4-3 grunt-concurrent@~0.4.3
37 verbose lock grunt-concurrent@~0.4.3 /Users/null/.npm/d7765af8-grunt-concurrent-0-4-3.lock
38 verbose cache add name="grunt-autoprefixer" spec="~0.6.5" args=["grunt-autoprefixer","~0.6.5"]
39 verbose parsed url { protocol: null,
39 verbose parsed url   slashes: null,
39 verbose parsed url   auth: null,
39 verbose parsed url   host: null,
39 verbose parsed url   port: null,
39 verbose parsed url   hostname: null,
39 verbose parsed url   hash: null,
39 verbose parsed url   search: null,
39 verbose parsed url   query: null,
39 verbose parsed url   pathname: '~0.6.5',
39 verbose parsed url   path: '~0.6.5',
39 verbose parsed url   href: '~0.6.5' }
40 verbose addNamed [ 'grunt-autoprefixer', '~0.6.5' ]
41 verbose addNamed [ null, '>=0.6.5-0 <0.7.0-0' ]
42 silly lockFile 31f645cc-grunt-autoprefixer-0-6-5 grunt-autoprefixer@~0.6.5
43 verbose lock grunt-autoprefixer@~0.6.5 /Users/null/.npm/31f645cc-grunt-autoprefixer-0-6-5.lock
44 verbose cache add [ 'grunt-connect-proxy@~0.1.7', null ]
45 verbose cache add name=undefined spec="grunt-connect-proxy@~0.1.7" args=["grunt-connect-proxy@~0.1.7",null]
46 verbose parsed url { protocol: null,
46 verbose parsed url   slashes: null,
46 verbose parsed url   auth: null,
46 verbose parsed url   host: null,
46 verbose parsed url   port: null,
46 verbose parsed url   hostname: null,
46 verbose parsed url   hash: null,
46 verbose parsed url   search: null,
46 verbose parsed url   query: null,
46 verbose parsed url   pathname: 'grunt-connect-proxy@~0.1.7',
46 verbose parsed url   path: 'grunt-connect-proxy@~0.1.7',
46 verbose parsed url   href: 'grunt-connect-proxy@~0.1.7' }
47 verbose cache add [ 'grunt-contrib-clean@~0.5.0', null ]
48 verbose cache add name=undefined spec="grunt-contrib-clean@~0.5.0" args=["grunt-contrib-clean@~0.5.0",null]
49 verbose parsed url { protocol: null,
49 verbose parsed url   slashes: null,
49 verbose parsed url   auth: null,
49 verbose parsed url   host: null,
49 verbose parsed url   port: null,
49 verbose parsed url   hostname: null,
49 verbose parsed url   hash: null,
49 verbose parsed url   search: null,
49 verbose parsed url   query: null,
49 verbose parsed url   pathname: 'grunt-contrib-clean@~0.5.0',
49 verbose parsed url   path: 'grunt-contrib-clean@~0.5.0',
49 verbose parsed url   href: 'grunt-contrib-clean@~0.5.0' }
50 verbose cache add [ 'grunt-contrib-concat@^0.4.0', null ]
51 verbose cache add name=undefined spec="grunt-contrib-concat@^0.4.0" args=["grunt-contrib-concat@^0.4.0",null]
52 verbose parsed url { protocol: null,
52 verbose parsed url   slashes: null,
52 verbose parsed url   auth: null,
52 verbose parsed url   host: null,
52 verbose parsed url   port: null,
52 verbose parsed url   hostname: null,
52 verbose parsed url   hash: null,
52 verbose parsed url   search: null,
52 verbose parsed url   query: null,
52 verbose parsed url   pathname: 'grunt-contrib-concat@^0.4.0',
52 verbose parsed url   path: 'grunt-contrib-concat@^0.4.0',
52 verbose parsed url   href: 'grunt-contrib-concat@^0.4.0' }
53 verbose cache add name="grunt-connect-proxy" spec="~0.1.7" args=["grunt-connect-proxy","~0.1.7"]
54 verbose parsed url { protocol: null,
54 verbose parsed url   slashes: null,
54 verbose parsed url   auth: null,
54 verbose parsed url   host: null,
54 verbose parsed url   port: null,
54 verbose parsed url   hostname: null,
54 verbose parsed url   hash: null,
54 verbose parsed url   search: null,
54 verbose parsed url   query: null,
54 verbose parsed url   pathname: '~0.1.7',
54 verbose parsed url   path: '~0.1.7',
54 verbose parsed url   href: '~0.1.7' }
55 verbose addNamed [ 'grunt-connect-proxy', '~0.1.7' ]
56 verbose addNamed [ null, '>=0.1.7-0 <0.2.0-0' ]
57 silly lockFile a3aa8143-grunt-connect-proxy-0-1-7 grunt-connect-proxy@~0.1.7
58 verbose lock grunt-connect-proxy@~0.1.7 /Users/null/.npm/a3aa8143-grunt-connect-proxy-0-1-7.lock
59 verbose cache add name="grunt-contrib-clean" spec="~0.5.0" args=["grunt-contrib-clean","~0.5.0"]
60 verbose parsed url { protocol: null,
60 verbose parsed url   slashes: null,
60 verbose parsed url   auth: null,
60 verbose parsed url   host: null,
60 verbose parsed url   port: null,
60 verbose parsed url   hostname: null,
60 verbose parsed url   hash: null,
60 verbose parsed url   search: null,
60 verbose parsed url   query: null,
60 verbose parsed url   pathname: '~0.5.0',
60 verbose parsed url   path: '~0.5.0',
60 verbose parsed url   href: '~0.5.0' }
61 verbose addNamed [ 'grunt-contrib-clean', '~0.5.0' ]
62 verbose addNamed [ null, '>=0.5.0-0 <0.6.0-0' ]
63 silly lockFile 83f743bc-grunt-contrib-clean-0-5-0 grunt-contrib-clean@~0.5.0
64 verbose lock grunt-contrib-clean@~0.5.0 /Users/null/.npm/83f743bc-grunt-contrib-clean-0-5-0.lock
65 verbose cache add name="grunt-contrib-concat" spec="^0.4.0" args=["grunt-contrib-concat","^0.4.0"]
66 verbose parsed url { protocol: null,
66 verbose parsed url   slashes: null,
66 verbose parsed url   auth: null,
66 verbose parsed url   host: null,
66 verbose parsed url   port: null,
66 verbose parsed url   hostname: null,
66 verbose parsed url   hash: null,
66 verbose parsed url   search: null,
66 verbose parsed url   query: null,
66 verbose parsed url   pathname: '^0.4.0',
66 verbose parsed url   path: '^0.4.0',
66 verbose parsed url   href: '^0.4.0' }
67 verbose addNamed [ 'grunt-contrib-concat', '^0.4.0' ]
68 verbose addNamed [ null, '>=0.4.0-0 <0.5.0-0' ]
69 silly lockFile cce3fe1f-grunt-contrib-concat-0-4-0 grunt-contrib-concat@^0.4.0
70 verbose lock grunt-contrib-concat@^0.4.0 /Users/null/.npm/cce3fe1f-grunt-contrib-concat-0-4-0.lock
71 verbose cache add [ 'grunt-contrib-connect@~0.6.0', null ]
72 verbose cache add name=undefined spec="grunt-contrib-connect@~0.6.0" args=["grunt-contrib-connect@~0.6.0",null]
73 verbose parsed url { protocol: null,
73 verbose parsed url   slashes: null,
73 verbose parsed url   auth: null,
73 verbose parsed url   host: null,
73 verbose parsed url   port: null,
73 verbose parsed url   hostname: null,
73 verbose parsed url   hash: null,
73 verbose parsed url   search: null,
73 verbose parsed url   query: null,
73 verbose parsed url   pathname: 'grunt-contrib-connect@~0.6.0',
73 verbose parsed url   path: 'grunt-contrib-connect@~0.6.0',
73 verbose parsed url   href: 'grunt-contrib-connect@~0.6.0' }
74 verbose cache add [ 'grunt-contrib-copy@~0.5.0', null ]
75 verbose cache add name=undefined spec="grunt-contrib-copy@~0.5.0" args=["grunt-contrib-copy@~0.5.0",null]
76 verbose parsed url { protocol: null,
76 verbose parsed url   slashes: null,
76 verbose parsed url   auth: null,
76 verbose parsed url   host: null,
76 verbose parsed url   port: null,
76 verbose parsed url   hostname: null,
76 verbose parsed url   hash: null,
76 verbose parsed url   search: null,
76 verbose parsed url   query: null,
76 verbose parsed url   pathname: 'grunt-contrib-copy@~0.5.0',
76 verbose parsed url   path: 'grunt-contrib-copy@~0.5.0',
76 verbose parsed url   href: 'grunt-contrib-copy@~0.5.0' }
77 silly addNameRange { name: 'connect-livereload',
77 silly addNameRange   range: '>=0.3.2-0 <0.4.0-0',
77 silly addNameRange   hasData: false }
78 silly addNameRange { name: 'grunt', range: '>=0.4.2-0 <0.5.0-0', hasData: false }
79 silly addNameRange { name: 'grunt-concurrent',
79 silly addNameRange   range: '>=0.4.3-0 <0.5.0-0',
79 silly addNameRange   hasData: false }
80 silly addNameRange { name: 'grunt-autoprefixer',
80 silly addNameRange   range: '>=0.6.5-0 <0.7.0-0',
80 silly addNameRange   hasData: false }
81 verbose cache add name="grunt-contrib-connect" spec="~0.6.0" args=["grunt-contrib-connect","~0.6.0"]
82 verbose parsed url { protocol: null,
82 verbose parsed url   slashes: null,
82 verbose parsed url   auth: null,
82 verbose parsed url   host: null,
82 verbose parsed url   port: null,
82 verbose parsed url   hostname: null,
82 verbose parsed url   hash: null,
82 verbose parsed url   search: null,
82 verbose parsed url   query: null,
82 verbose parsed url   pathname: '~0.6.0',
82 verbose parsed url   path: '~0.6.0',
82 verbose parsed url   href: '~0.6.0' }
83 verbose addNamed [ 'grunt-contrib-connect', '~0.6.0' ]
84 verbose addNamed [ null, '>=0.6.0-0 <0.7.0-0' ]
85 silly lockFile 52cc59a8-grunt-contrib-connect-0-6-0 grunt-contrib-connect@~0.6.0
86 verbose lock grunt-contrib-connect@~0.6.0 /Users/null/.npm/52cc59a8-grunt-contrib-connect-0-6-0.lock
87 verbose cache add name="grunt-contrib-copy" spec="~0.5.0" args=["grunt-contrib-copy","~0.5.0"]
88 verbose parsed url { protocol: null,
88 verbose parsed url   slashes: null,
88 verbose parsed url   auth: null,
88 verbose parsed url   host: null,
88 verbose parsed url   port: null,
88 verbose parsed url   hostname: null,
88 verbose parsed url   hash: null,
88 verbose parsed url   search: null,
88 verbose parsed url   query: null,
88 verbose parsed url   pathname: '~0.5.0',
88 verbose parsed url   path: '~0.5.0',
88 verbose parsed url   href: '~0.5.0' }
89 verbose addNamed [ 'grunt-contrib-copy', '~0.5.0' ]
90 verbose addNamed [ null, '>=0.5.0-0 <0.6.0-0' ]
91 silly lockFile ac3d673b-grunt-contrib-copy-0-5-0 grunt-contrib-copy@~0.5.0
92 verbose lock grunt-contrib-copy@~0.5.0 /Users/null/.npm/ac3d673b-grunt-contrib-copy-0-5-0.lock
93 verbose cache add [ 'grunt-contrib-htmlmin@~0.1.3', null ]
94 verbose cache add name=undefined spec="grunt-contrib-htmlmin@~0.1.3" args=["grunt-contrib-htmlmin@~0.1.3",null]
95 verbose parsed url { protocol: null,
95 verbose parsed url   slashes: null,
95 verbose parsed url   auth: null,
95 verbose parsed url   host: null,
95 verbose parsed url   port: null,
95 verbose parsed url   hostname: null,
95 verbose parsed url   hash: null,
95 verbose parsed url   search: null,
95 verbose parsed url   query: null,
95 verbose parsed url   pathname: 'grunt-contrib-htmlmin@~0.1.3',
95 verbose parsed url   path: 'grunt-contrib-htmlmin@~0.1.3',
95 verbose parsed url   href: 'grunt-contrib-htmlmin@~0.1.3' }
96 verbose cache add [ 'grunt-contrib-jshint@~0.8.0', null ]
97 verbose cache add name=undefined spec="grunt-contrib-jshint@~0.8.0" args=["grunt-contrib-jshint@~0.8.0",null]
98 verbose parsed url { protocol: null,
98 verbose parsed url   slashes: null,
98 verbose parsed url   auth: null,
98 verbose parsed url   host: null,
98 verbose parsed url   port: null,
98 verbose parsed url   hostname: null,
98 verbose parsed url   hash: null,
98 verbose parsed url   search: null,
98 verbose parsed url   query: null,
98 verbose parsed url   pathname: 'grunt-contrib-jshint@~0.8.0',
98 verbose parsed url   path: 'grunt-contrib-jshint@~0.8.0',
98 verbose parsed url   href: 'grunt-contrib-jshint@~0.8.0' }
99 verbose cache add [ 'grunt-contrib-sass@~0.7.3', null ]
100 verbose cache add name=undefined spec="grunt-contrib-sass@~0.7.3" args=["grunt-contrib-sass@~0.7.3",null]
101 verbose parsed url { protocol: null,
101 verbose parsed url   slashes: null,
101 verbose parsed url   auth: null,
101 verbose parsed url   host: null,
101 verbose parsed url   port: null,
101 verbose parsed url   hostname: null,
101 verbose parsed url   hash: null,
101 verbose parsed url   search: null,
101 verbose parsed url   query: null,
101 verbose parsed url   pathname: 'grunt-contrib-sass@~0.7.3',
101 verbose parsed url   path: 'grunt-contrib-sass@~0.7.3',
101 verbose parsed url   href: 'grunt-contrib-sass@~0.7.3' }
102 silly addNameRange { name: 'grunt-connect-proxy',
102 silly addNameRange   range: '>=0.1.7-0 <0.2.0-0',
102 silly addNameRange   hasData: false }
103 silly addNameRange { name: 'grunt-contrib-clean',
103 silly addNameRange   range: '>=0.5.0-0 <0.6.0-0',
103 silly addNameRange   hasData: false }
104 silly addNameRange { name: 'grunt-contrib-concat',
104 silly addNameRange   range: '>=0.4.0-0 <0.5.0-0',
104 silly addNameRange   hasData: false }
105 verbose cache add name="grunt-contrib-htmlmin" spec="~0.1.3" args=["grunt-contrib-htmlmin","~0.1.3"]
106 verbose parsed url { protocol: null,
106 verbose parsed url   slashes: null,
106 verbose parsed url   auth: null,
106 verbose parsed url   host: null,
106 verbose parsed url   port: null,
106 verbose parsed url   hostname: null,
106 verbose parsed url   hash: null,
106 verbose parsed url   search: null,
106 verbose parsed url   query: null,
106 verbose parsed url   pathname: '~0.1.3',
106 verbose parsed url   path: '~0.1.3',
106 verbose parsed url   href: '~0.1.3' }
107 verbose addNamed [ 'grunt-contrib-htmlmin', '~0.1.3' ]
108 verbose addNamed [ null, '>=0.1.3-0 <0.2.0-0' ]
109 silly lockFile 2f1223f9-grunt-contrib-htmlmin-0-1-3 grunt-contrib-htmlmin@~0.1.3
110 verbose lock grunt-contrib-htmlmin@~0.1.3 /Users/null/.npm/2f1223f9-grunt-contrib-htmlmin-0-1-3.lock
111 verbose cache add name="grunt-contrib-jshint" spec="~0.8.0" args=["grunt-contrib-jshint","~0.8.0"]
112 verbose parsed url { protocol: null,
112 verbose parsed url   slashes: null,
112 verbose parsed url   auth: null,
112 verbose parsed url   host: null,
112 verbose parsed url   port: null,
112 verbose parsed url   hostname: null,
112 verbose parsed url   hash: null,
112 verbose parsed url   search: null,
112 verbose parsed url   query: null,
112 verbose parsed url   pathname: '~0.8.0',
112 verbose parsed url   path: '~0.8.0',
112 verbose parsed url   href: '~0.8.0' }
113 verbose addNamed [ 'grunt-contrib-jshint', '~0.8.0' ]
114 verbose addNamed [ null, '>=0.8.0-0 <0.9.0-0' ]
115 silly lockFile b3dfcf50-grunt-contrib-jshint-0-8-0 grunt-contrib-jshint@~0.8.0
116 verbose lock grunt-contrib-jshint@~0.8.0 /Users/null/.npm/b3dfcf50-grunt-contrib-jshint-0-8-0.lock
117 verbose cache add name="grunt-contrib-sass" spec="~0.7.3" args=["grunt-contrib-sass","~0.7.3"]
118 verbose parsed url { protocol: null,
118 verbose parsed url   slashes: null,
118 verbose parsed url   auth: null,
118 verbose parsed url   host: null,
118 verbose parsed url   port: null,
118 verbose parsed url   hostname: null,
118 verbose parsed url   hash: null,
118 verbose parsed url   search: null,
118 verbose parsed url   query: null,
118 verbose parsed url   pathname: '~0.7.3',
118 verbose parsed url   path: '~0.7.3',
118 verbose parsed url   href: '~0.7.3' }
119 verbose addNamed [ 'grunt-contrib-sass', '~0.7.3' ]
120 verbose addNamed [ null, '>=0.7.3-0 <0.8.0-0' ]
121 silly lockFile 1b11a44c-grunt-contrib-sass-0-7-3 grunt-contrib-sass@~0.7.3
122 verbose lock grunt-contrib-sass@~0.7.3 /Users/null/.npm/1b11a44c-grunt-contrib-sass-0-7-3.lock
123 verbose cache add [ 'grunt-contrib-watch@~0.5.3', null ]
124 verbose cache add name=undefined spec="grunt-contrib-watch@~0.5.3" args=["grunt-contrib-watch@~0.5.3",null]
125 verbose parsed url { protocol: null,
125 verbose parsed url   slashes: null,
125 verbose parsed url   auth: null,
125 verbose parsed url   host: null,
125 verbose parsed url   port: null,
125 verbose parsed url   hostname: null,
125 verbose parsed url   hash: null,
125 verbose parsed url   search: null,
125 verbose parsed url   query: null,
125 verbose parsed url   pathname: 'grunt-contrib-watch@~0.5.3',
125 verbose parsed url   path: 'grunt-contrib-watch@~0.5.3',
125 verbose parsed url   href: 'grunt-contrib-watch@~0.5.3' }
126 verbose cache add [ 'grunt-contrib-uglify@~0.3.2', null ]
127 verbose cache add name=undefined spec="grunt-contrib-uglify@~0.3.2" args=["grunt-contrib-uglify@~0.3.2",null]
128 verbose parsed url { protocol: null,
128 verbose parsed url   slashes: null,
128 verbose parsed url   auth: null,
128 verbose parsed url   host: null,
128 verbose parsed url   port: null,
128 verbose parsed url   hostname: null,
128 verbose parsed url   hash: null,
128 verbose parsed url   search: null,
128 verbose parsed url   query: null,
128 verbose parsed url   pathname: 'grunt-contrib-uglify@~0.3.2',
128 verbose parsed url   path: 'grunt-contrib-uglify@~0.3.2',
128 verbose parsed url   href: 'grunt-contrib-uglify@~0.3.2' }
129 verbose cache add [ 'grunt-karma@~0.6.2', null ]
130 verbose cache add name=undefined spec="grunt-karma@~0.6.2" args=["grunt-karma@~0.6.2",null]
131 verbose parsed url { protocol: null,
131 verbose parsed url   slashes: null,
131 verbose parsed url   auth: null,
131 verbose parsed url   host: null,
131 verbose parsed url   port: null,
131 verbose parsed url   hostname: null,
131 verbose parsed url   hash: null,
131 verbose parsed url   search: null,
131 verbose parsed url   query: null,
131 verbose parsed url   pathname: 'grunt-karma@~0.6.2',
131 verbose parsed url   path: 'grunt-karma@~0.6.2',
131 verbose parsed url   href: 'grunt-karma@~0.6.2' }
132 silly addNameRange { name: 'grunt-contrib-connect',
132 silly addNameRange   range: '>=0.6.0-0 <0.7.0-0',
132 silly addNameRange   hasData: false }
133 silly addNameRange { name: 'grunt-contrib-copy',
133 silly addNameRange   range: '>=0.5.0-0 <0.6.0-0',
133 silly addNameRange   hasData: false }
134 verbose cache add name="grunt-contrib-watch" spec="~0.5.3" args=["grunt-contrib-watch","~0.5.3"]
135 verbose parsed url { protocol: null,
135 verbose parsed url   slashes: null,
135 verbose parsed url   auth: null,
135 verbose parsed url   host: null,
135 verbose parsed url   port: null,
135 verbose parsed url   hostname: null,
135 verbose parsed url   hash: null,
135 verbose parsed url   search: null,
135 verbose parsed url   query: null,
135 verbose parsed url   pathname: '~0.5.3',
135 verbose parsed url   path: '~0.5.3',
135 verbose parsed url   href: '~0.5.3' }
136 verbose addNamed [ 'grunt-contrib-watch', '~0.5.3' ]
137 verbose addNamed [ null, '>=0.5.3-0 <0.6.0-0' ]
138 silly lockFile b469febc-grunt-contrib-watch-0-5-3 grunt-contrib-watch@~0.5.3
139 verbose lock grunt-contrib-watch@~0.5.3 /Users/null/.npm/b469febc-grunt-contrib-watch-0-5-3.lock
140 verbose cache add name="grunt-contrib-uglify" spec="~0.3.2" args=["grunt-contrib-uglify","~0.3.2"]
141 verbose parsed url { protocol: null,
141 verbose parsed url   slashes: null,
141 verbose parsed url   auth: null,
141 verbose parsed url   host: null,
141 verbose parsed url   port: null,
141 verbose parsed url   hostname: null,
141 verbose parsed url   hash: null,
141 verbose parsed url   search: null,
141 verbose parsed url   query: null,
141 verbose parsed url   pathname: '~0.3.2',
141 verbose parsed url   path: '~0.3.2',
141 verbose parsed url   href: '~0.3.2' }
142 verbose addNamed [ 'grunt-contrib-uglify', '~0.3.2' ]
143 verbose addNamed [ null, '>=0.3.2-0 <0.4.0-0' ]
144 silly lockFile 00618136-grunt-contrib-uglify-0-3-2 grunt-contrib-uglify@~0.3.2
145 verbose lock grunt-contrib-uglify@~0.3.2 /Users/null/.npm/00618136-grunt-contrib-uglify-0-3-2.lock
146 verbose cache add name="grunt-karma" spec="~0.6.2" args=["grunt-karma","~0.6.2"]
147 verbose parsed url { protocol: null,
147 verbose parsed url   slashes: null,
147 verbose parsed url   auth: null,
147 verbose parsed url   host: null,
147 verbose parsed url   port: null,
147 verbose parsed url   hostname: null,
147 verbose parsed url   hash: null,
147 verbose parsed url   search: null,
147 verbose parsed url   query: null,
147 verbose parsed url   pathname: '~0.6.2',
147 verbose parsed url   path: '~0.6.2',
147 verbose parsed url   href: '~0.6.2' }
148 verbose addNamed [ 'grunt-karma', '~0.6.2' ]
149 verbose addNamed [ null, '>=0.6.2-0 <0.7.0-0' ]
150 silly lockFile 68aafde4-grunt-karma-0-6-2 grunt-karma@~0.6.2
151 verbose lock grunt-karma@~0.6.2 /Users/null/.npm/68aafde4-grunt-karma-0-6-2.lock
152 verbose cache add [ 'grunt-open@~0.2.3', null ]
153 verbose cache add name=undefined spec="grunt-open@~0.2.3" args=["grunt-open@~0.2.3",null]
154 verbose parsed url { protocol: null,
154 verbose parsed url   slashes: null,
154 verbose parsed url   auth: null,
154 verbose parsed url   host: null,
154 verbose parsed url   port: null,
154 verbose parsed url   hostname: null,
154 verbose parsed url   hash: null,
154 verbose parsed url   search: null,
154 verbose parsed url   query: null,
154 verbose parsed url   pathname: 'grunt-open@~0.2.3',
154 verbose parsed url   path: 'grunt-open@~0.2.3',
154 verbose parsed url   href: 'grunt-open@~0.2.3' }
155 verbose cache add [ 'grunt-ngmin@0.0.3', null ]
156 verbose cache add name=undefined spec="grunt-ngmin@0.0.3" args=["grunt-ngmin@0.0.3",null]
157 verbose parsed url { protocol: null,
157 verbose parsed url   slashes: null,
157 verbose parsed url   auth: null,
157 verbose parsed url   host: null,
157 verbose parsed url   port: null,
157 verbose parsed url   hostname: null,
157 verbose parsed url   hash: null,
157 verbose parsed url   search: null,
157 verbose parsed url   query: null,
157 verbose parsed url   pathname: 'grunt-ngmin@0.0.3',
157 verbose parsed url   path: 'grunt-ngmin@0.0.3',
157 verbose parsed url   href: 'grunt-ngmin@0.0.3' }
158 silly addNameRange { name: 'grunt-contrib-htmlmin',
158 silly addNameRange   range: '>=0.1.3-0 <0.2.0-0',
158 silly addNameRange   hasData: false }
159 silly addNameRange { name: 'grunt-contrib-jshint',
159 silly addNameRange   range: '>=0.8.0-0 <0.9.0-0',
159 silly addNameRange   hasData: false }
160 silly addNameRange { name: 'grunt-contrib-sass',
160 silly addNameRange   range: '>=0.7.3-0 <0.8.0-0',
160 silly addNameRange   hasData: false }
161 verbose cache add name="grunt-open" spec="~0.2.3" args=["grunt-open","~0.2.3"]
162 verbose parsed url { protocol: null,
162 verbose parsed url   slashes: null,
162 verbose parsed url   auth: null,
162 verbose parsed url   host: null,
162 verbose parsed url   port: null,
162 verbose parsed url   hostname: null,
162 verbose parsed url   hash: null,
162 verbose parsed url   search: null,
162 verbose parsed url   query: null,
162 verbose parsed url   pathname: '~0.2.3',
162 verbose parsed url   path: '~0.2.3',
162 verbose parsed url   href: '~0.2.3' }
163 verbose addNamed [ 'grunt-open', '~0.2.3' ]
164 verbose addNamed [ null, '>=0.2.3-0 <0.3.0-0' ]
165 silly lockFile ff1e06d2-grunt-open-0-2-3 grunt-open@~0.2.3
166 verbose lock grunt-open@~0.2.3 /Users/null/.npm/ff1e06d2-grunt-open-0-2-3.lock
167 verbose cache add name="grunt-ngmin" spec="0.0.3" args=["grunt-ngmin","0.0.3"]
168 verbose parsed url { protocol: null,
168 verbose parsed url   slashes: null,
168 verbose parsed url   auth: null,
168 verbose parsed url   host: null,
168 verbose parsed url   port: null,
168 verbose parsed url   hostname: null,
168 verbose parsed url   hash: null,
168 verbose parsed url   search: null,
168 verbose parsed url   query: null,
168 verbose parsed url   pathname: '0.0.3',
168 verbose parsed url   path: '0.0.3',
168 verbose parsed url   href: '0.0.3' }
169 verbose addNamed [ 'grunt-ngmin', '0.0.3' ]
170 verbose addNamed [ '0.0.3', '0.0.3' ]
171 silly lockFile 129b7627-grunt-ngmin-0-0-3 grunt-ngmin@0.0.3
172 verbose lock grunt-ngmin@0.0.3 /Users/null/.npm/129b7627-grunt-ngmin-0-0-3.lock
173 verbose cache add [ 'grunt-styleguide@~0.2.15', null ]
174 verbose cache add name=undefined spec="grunt-styleguide@~0.2.15" args=["grunt-styleguide@~0.2.15",null]
175 verbose parsed url { protocol: null,
175 verbose parsed url   slashes: null,
175 verbose parsed url   auth: null,
175 verbose parsed url   host: null,
175 verbose parsed url   port: null,
175 verbose parsed url   hostname: null,
175 verbose parsed url   hash: null,
175 verbose parsed url   search: null,
175 verbose parsed url   query: null,
175 verbose parsed url   pathname: 'grunt-styleguide@~0.2.15',
175 verbose parsed url   path: 'grunt-styleguide@~0.2.15',
175 verbose parsed url   href: 'grunt-styleguide@~0.2.15' }
176 verbose cache add [ 'grunt-phantomas@^0.9.0', null ]
177 verbose cache add name=undefined spec="grunt-phantomas@^0.9.0" args=["grunt-phantomas@^0.9.0",null]
178 verbose parsed url { protocol: null,
178 verbose parsed url   slashes: null,
178 verbose parsed url   auth: null,
178 verbose parsed url   host: null,
178 verbose parsed url   port: null,
178 verbose parsed url   hostname: null,
178 verbose parsed url   hash: null,
178 verbose parsed url   search: null,
178 verbose parsed url   query: null,
178 verbose parsed url   pathname: 'grunt-phantomas@^0.9.0',
178 verbose parsed url   path: 'grunt-phantomas@^0.9.0',
178 verbose parsed url   href: 'grunt-phantomas@^0.9.0' }
179 verbose cache add [ 'grunt-usemin@~2.0.2', null ]
180 verbose cache add name=undefined spec="grunt-usemin@~2.0.2" args=["grunt-usemin@~2.0.2",null]
181 verbose parsed url { protocol: null,
181 verbose parsed url   slashes: null,
181 verbose parsed url   auth: null,
181 verbose parsed url   host: null,
181 verbose parsed url   port: null,
181 verbose parsed url   hostname: null,
181 verbose parsed url   hash: null,
181 verbose parsed url   search: null,
181 verbose parsed url   query: null,
181 verbose parsed url   pathname: 'grunt-usemin@~2.0.2',
181 verbose parsed url   path: 'grunt-usemin@~2.0.2',
181 verbose parsed url   href: 'grunt-usemin@~2.0.2' }
182 verbose cache add [ 'karma@~0.10.9', null ]
183 verbose cache add name=undefined spec="karma@~0.10.9" args=["karma@~0.10.9",null]
184 verbose parsed url { protocol: null,
184 verbose parsed url   slashes: null,
184 verbose parsed url   auth: null,
184 verbose parsed url   host: null,
184 verbose parsed url   port: null,
184 verbose parsed url   hostname: null,
184 verbose parsed url   hash: null,
184 verbose parsed url   search: null,
184 verbose parsed url   query: null,
184 verbose parsed url   pathname: 'karma@~0.10.9',
184 verbose parsed url   path: 'karma@~0.10.9',
184 verbose parsed url   href: 'karma@~0.10.9' }
185 silly addNameRange { name: 'grunt-contrib-watch',
185 silly addNameRange   range: '>=0.5.3-0 <0.6.0-0',
185 silly addNameRange   hasData: false }
186 silly addNameRange { name: 'grunt-contrib-uglify',
186 silly addNameRange   range: '>=0.3.2-0 <0.4.0-0',
186 silly addNameRange   hasData: false }
187 silly addNameRange { name: 'grunt-karma',
187 silly addNameRange   range: '>=0.6.2-0 <0.7.0-0',
187 silly addNameRange   hasData: false }
188 verbose cache add name="grunt-styleguide" spec="~0.2.15" args=["grunt-styleguide","~0.2.15"]
189 verbose parsed url { protocol: null,
189 verbose parsed url   slashes: null,
189 verbose parsed url   auth: null,
189 verbose parsed url   host: null,
189 verbose parsed url   port: null,
189 verbose parsed url   hostname: null,
189 verbose parsed url   hash: null,
189 verbose parsed url   search: null,
189 verbose parsed url   query: null,
189 verbose parsed url   pathname: '~0.2.15',
189 verbose parsed url   path: '~0.2.15',
189 verbose parsed url   href: '~0.2.15' }
190 verbose addNamed [ 'grunt-styleguide', '~0.2.15' ]
191 verbose addNamed [ null, '>=0.2.15-0 <0.3.0-0' ]
192 silly lockFile 2761914d-grunt-styleguide-0-2-15 grunt-styleguide@~0.2.15
193 verbose lock grunt-styleguide@~0.2.15 /Users/null/.npm/2761914d-grunt-styleguide-0-2-15.lock
194 verbose cache add name="grunt-phantomas" spec="^0.9.0" args=["grunt-phantomas","^0.9.0"]
195 verbose parsed url { protocol: null,
195 verbose parsed url   slashes: null,
195 verbose parsed url   auth: null,
195 verbose parsed url   host: null,
195 verbose parsed url   port: null,
195 verbose parsed url   hostname: null,
195 verbose parsed url   hash: null,
195 verbose parsed url   search: null,
195 verbose parsed url   query: null,
195 verbose parsed url   pathname: '^0.9.0',
195 verbose parsed url   path: '^0.9.0',
195 verbose parsed url   href: '^0.9.0' }
196 verbose addNamed [ 'grunt-phantomas', '^0.9.0' ]
197 verbose addNamed [ null, '>=0.9.0-0 <0.10.0-0' ]
198 silly lockFile 94b9b5ba-grunt-phantomas-0-9-0 grunt-phantomas@^0.9.0
199 verbose lock grunt-phantomas@^0.9.0 /Users/null/.npm/94b9b5ba-grunt-phantomas-0-9-0.lock
200 verbose cache add name="grunt-usemin" spec="~2.0.2" args=["grunt-usemin","~2.0.2"]
201 verbose parsed url { protocol: null,
201 verbose parsed url   slashes: null,
201 verbose parsed url   auth: null,
201 verbose parsed url   host: null,
201 verbose parsed url   port: null,
201 verbose parsed url   hostname: null,
201 verbose parsed url   hash: null,
201 verbose parsed url   search: null,
201 verbose parsed url   query: null,
201 verbose parsed url   pathname: '~2.0.2',
201 verbose parsed url   path: '~2.0.2',
201 verbose parsed url   href: '~2.0.2' }
202 verbose addNamed [ 'grunt-usemin', '~2.0.2' ]
203 verbose addNamed [ null, '>=2.0.2-0 <2.1.0-0' ]
204 silly lockFile 32502086-grunt-usemin-2-0-2 grunt-usemin@~2.0.2
205 verbose lock grunt-usemin@~2.0.2 /Users/null/.npm/32502086-grunt-usemin-2-0-2.lock
206 verbose cache add name="karma" spec="~0.10.9" args=["karma","~0.10.9"]
207 verbose parsed url { protocol: null,
207 verbose parsed url   slashes: null,
207 verbose parsed url   auth: null,
207 verbose parsed url   host: null,
207 verbose parsed url   port: null,
207 verbose parsed url   hostname: null,
207 verbose parsed url   hash: null,
207 verbose parsed url   search: null,
207 verbose parsed url   query: null,
207 verbose parsed url   pathname: '~0.10.9',
207 verbose parsed url   path: '~0.10.9',
207 verbose parsed url   href: '~0.10.9' }
208 verbose addNamed [ 'karma', '~0.10.9' ]
209 verbose addNamed [ null, '>=0.10.9-0 <0.11.0-0' ]
210 silly lockFile dccc24db-karma-0-10-9 karma@~0.10.9
211 verbose lock karma@~0.10.9 /Users/null/.npm/dccc24db-karma-0-10-9.lock
212 verbose cache add [ 'karma-chrome-launcher@~0.1.2', null ]
213 verbose cache add name=undefined spec="karma-chrome-launcher@~0.1.2" args=["karma-chrome-launcher@~0.1.2",null]
214 verbose parsed url { protocol: null,
214 verbose parsed url   slashes: null,
214 verbose parsed url   auth: null,
214 verbose parsed url   host: null,
214 verbose parsed url   port: null,
214 verbose parsed url   hostname: null,
214 verbose parsed url   hash: null,
214 verbose parsed url   search: null,
214 verbose parsed url   query: null,
214 verbose parsed url   pathname: 'karma-chrome-launcher@~0.1.2',
214 verbose parsed url   path: 'karma-chrome-launcher@~0.1.2',
214 verbose parsed url   href: 'karma-chrome-launcher@~0.1.2' }
215 verbose cache add [ 'karma-coverage@~0.1.5', null ]
216 verbose cache add name=undefined spec="karma-coverage@~0.1.5" args=["karma-coverage@~0.1.5",null]
217 verbose parsed url { protocol: null,
217 verbose parsed url   slashes: null,
217 verbose parsed url   auth: null,
217 verbose parsed url   host: null,
217 verbose parsed url   port: null,
217 verbose parsed url   hostname: null,
217 verbose parsed url   hash: null,
217 verbose parsed url   search: null,
217 verbose parsed url   query: null,
217 verbose parsed url   pathname: 'karma-coverage@~0.1.5',
217 verbose parsed url   path: 'karma-coverage@~0.1.5',
217 verbose parsed url   href: 'karma-coverage@~0.1.5' }
218 verbose cache add [ 'karma-firefox-launcher@~0.1.3', null ]
219 verbose cache add name=undefined spec="karma-firefox-launcher@~0.1.3" args=["karma-firefox-launcher@~0.1.3",null]
220 verbose parsed url { protocol: null,
220 verbose parsed url   slashes: null,
220 verbose parsed url   auth: null,
220 verbose parsed url   host: null,
220 verbose parsed url   port: null,
220 verbose parsed url   hostname: null,
220 verbose parsed url   hash: null,
220 verbose parsed url   search: null,
220 verbose parsed url   query: null,
220 verbose parsed url   pathname: 'karma-firefox-launcher@~0.1.3',
220 verbose parsed url   path: 'karma-firefox-launcher@~0.1.3',
220 verbose parsed url   href: 'karma-firefox-launcher@~0.1.3' }
221 verbose url raw connect-livereload
222 verbose url resolving [ 'http://localhost:8081/nexus/content/repositories/npm_registry/',
222 verbose url resolving   './connect-livereload' ]
223 verbose url resolved http://localhost:8081/nexus/content/repositories/npm_registry/connect-livereload
224 info trying registry request attempt 1 at 22:22:25
225 http GET http://localhost:8081/nexus/content/repositories/npm_registry/connect-livereload
226 verbose url raw grunt
227 verbose url resolving [ 'http://localhost:8081/nexus/content/repositories/npm_registry/',
227 verbose url resolving   './grunt' ]
228 verbose url resolved http://localhost:8081/nexus/content/repositories/npm_registry/grunt
229 info trying registry request attempt 1 at 22:22:25
230 http GET http://localhost:8081/nexus/content/repositories/npm_registry/grunt
231 verbose url raw grunt-concurrent
232 verbose url resolving [ 'http://localhost:8081/nexus/content/repositories/npm_registry/',
232 verbose url resolving   './grunt-concurrent' ]
233 verbose url resolved http://localhost:8081/nexus/content/repositories/npm_registry/grunt-concurrent
234 info trying registry request attempt 1 at 22:22:25
235 http GET http://localhost:8081/nexus/content/repositories/npm_registry/grunt-concurrent
236 verbose url raw grunt-autoprefixer
237 verbose url resolving [ 'http://localhost:8081/nexus/content/repositories/npm_registry/',
237 verbose url resolving   './grunt-autoprefixer' ]
238 verbose url resolved http://localhost:8081/nexus/content/repositories/npm_registry/grunt-autoprefixer
239 info trying registry request attempt 1 at 22:22:25
240 http GET http://localhost:8081/nexus/content/repositories/npm_registry/grunt-autoprefixer
241 silly addNameRange { name: 'grunt-open',
241 silly addNameRange   range: '>=0.2.3-0 <0.3.0-0',
241 silly addNameRange   hasData: false }
242 verbose cache add name="karma-chrome-launcher" spec="~0.1.2" args=["karma-chrome-launcher","~0.1.2"]
243 verbose parsed url { protocol: null,
243 verbose parsed url   slashes: null,
243 verbose parsed url   auth: null,
243 verbose parsed url   host: null,
243 verbose parsed url   port: null,
243 verbose parsed url   hostname: null,
243 verbose parsed url   hash: null,
243 verbose parsed url   search: null,
243 verbose parsed url   query: null,
243 verbose parsed url   pathname: '~0.1.2',
243 verbose parsed url   path: '~0.1.2',
243 verbose parsed url   href: '~0.1.2' }
244 verbose addNamed [ 'karma-chrome-launcher', '~0.1.2' ]
245 verbose addNamed [ null, '>=0.1.2-0 <0.2.0-0' ]
246 silly lockFile ebb87570-karma-chrome-launcher-0-1-2 karma-chrome-launcher@~0.1.2
247 verbose lock karma-chrome-launcher@~0.1.2 /Users/null/.npm/ebb87570-karma-chrome-launcher-0-1-2.lock
248 verbose cache add name="karma-coverage" spec="~0.1.5" args=["karma-coverage","~0.1.5"]
249 verbose parsed url { protocol: null,
249 verbose parsed url   slashes: null,
249 verbose parsed url   auth: null,
249 verbose parsed url   host: null,
249 verbose parsed url   port: null,
249 verbose parsed url   hostname: null,
249 verbose parsed url   hash: null,
249 verbose parsed url   search: null,
249 verbose parsed url   query: null,
249 verbose parsed url   pathname: '~0.1.5',
249 verbose parsed url   path: '~0.1.5',
249 verbose parsed url   href: '~0.1.5' }
250 verbose addNamed [ 'karma-coverage', '~0.1.5' ]
251 verbose addNamed [ null, '>=0.1.5-0 <0.2.0-0' ]
252 silly lockFile 60db681f-karma-coverage-0-1-5 karma-coverage@~0.1.5
253 verbose lock karma-coverage@~0.1.5 /Users/null/.npm/60db681f-karma-coverage-0-1-5.lock
254 verbose cache add name="karma-firefox-launcher" spec="~0.1.3" args=["karma-firefox-launcher","~0.1.3"]
255 verbose parsed url { protocol: null,
255 verbose parsed url   slashes: null,
255 verbose parsed url   auth: null,
255 verbose parsed url   host: null,
255 verbose parsed url   port: null,
255 verbose parsed url   hostname: null,
255 verbose parsed url   hash: null,
255 verbose parsed url   search: null,
255 verbose parsed url   query: null,
255 verbose parsed url   pathname: '~0.1.3',
255 verbose parsed url   path: '~0.1.3',
255 verbose parsed url   href: '~0.1.3' }
256 verbose addNamed [ 'karma-firefox-launcher', '~0.1.3' ]
257 verbose addNamed [ null, '>=0.1.3-0 <0.2.0-0' ]
258 silly lockFile 1f62a97f-karma-firefox-launcher-0-1-3 karma-firefox-launcher@~0.1.3
259 verbose lock karma-firefox-launcher@~0.1.3 /Users/null/.npm/1f62a97f-karma-firefox-launcher-0-1-3.lock
260 verbose cache add [ 'karma-jasmine@~0.1.5', null ]
261 verbose cache add name=undefined spec="karma-jasmine@~0.1.5" args=["karma-jasmine@~0.1.5",null]
262 verbose parsed url { protocol: null,
262 verbose parsed url   slashes: null,
262 verbose parsed url   auth: null,
262 verbose parsed url   host: null,
262 verbose parsed url   port: null,
262 verbose parsed url   hostname: null,
262 verbose parsed url   hash: null,
262 verbose parsed url   search: null,
262 verbose parsed url   query: null,
262 verbose parsed url   pathname: 'karma-jasmine@~0.1.5',
262 verbose parsed url   path: 'karma-jasmine@~0.1.5',
262 verbose parsed url   href: 'karma-jasmine@~0.1.5' }
263 verbose cache add [ 'karma-phantomjs-launcher@~0.1.1', null ]
264 verbose cache add name=undefined spec="karma-phantomjs-launcher@~0.1.1" args=["karma-phantomjs-launcher@~0.1.1",null]
265 verbose parsed url { protocol: null,
265 verbose parsed url   slashes: null,
265 verbose parsed url   auth: null,
265 verbose parsed url   host: null,
265 verbose parsed url   port: null,
265 verbose parsed url   hostname: null,
265 verbose parsed url   hash: null,
265 verbose parsed url   search: null,
265 verbose parsed url   query: null,
265 verbose parsed url   pathname: 'karma-phantomjs-launcher@~0.1.1',
265 verbose parsed url   path: 'karma-phantomjs-launcher@~0.1.1',
265 verbose parsed url   href: 'karma-phantomjs-launcher@~0.1.1' }
266 verbose cache add [ 'karma-requirejs@~0.2.1', null ]
267 verbose cache add name=undefined spec="karma-requirejs@~0.2.1" args=["karma-requirejs@~0.2.1",null]
268 verbose parsed url { protocol: null,
268 verbose parsed url   slashes: null,
268 verbose parsed url   auth: null,
268 verbose parsed url   host: null,
268 verbose parsed url   port: null,
268 verbose parsed url   hostname: null,
268 verbose parsed url   hash: null,
268 verbose parsed url   search: null,
268 verbose parsed url   query: null,
268 verbose parsed url   pathname: 'karma-requirejs@~0.2.1',
268 verbose parsed url   path: 'karma-requirejs@~0.2.1',
268 verbose parsed url   href: 'karma-requirejs@~0.2.1' }
269 verbose cache add [ 'karma-script-launcher@~0.1.0', null ]
270 verbose cache add name=undefined spec="karma-script-launcher@~0.1.0" args=["karma-script-launcher@~0.1.0",null]
271 verbose parsed url { protocol: null,
271 verbose parsed url   slashes: null,
271 verbose parsed url   auth: null,
271 verbose parsed url   host: null,
271 verbose parsed url   port: null,
271 verbose parsed url   hostname: null,
271 verbose parsed url   hash: null,
271 verbose parsed url   search: null,
271 verbose parsed url   query: null,
271 verbose parsed url   pathname: 'karma-script-launcher@~0.1.0',
271 verbose parsed url   path: 'karma-script-launcher@~0.1.0',
271 verbose parsed url   href: 'karma-script-launcher@~0.1.0' }
272 verbose cache add [ 'load-grunt-tasks@~0.3.0', null ]
273 verbose cache add name=undefined spec="load-grunt-tasks@~0.3.0" args=["load-grunt-tasks@~0.3.0",null]
274 verbose parsed url { protocol: null,
274 verbose parsed url   slashes: null,
274 verbose parsed url   auth: null,
274 verbose parsed url   host: null,
274 verbose parsed url   port: null,
274 verbose parsed url   hostname: null,
274 verbose parsed url   hash: null,
274 verbose parsed url   search: null,
274 verbose parsed url   query: null,
274 verbose parsed url   pathname: 'load-grunt-tasks@~0.3.0',
274 verbose parsed url   path: 'load-grunt-tasks@~0.3.0',
274 verbose parsed url   href: 'load-grunt-tasks@~0.3.0' }
275 verbose cache add [ 'time-grunt@~0.2.8', null ]
276 verbose cache add name=undefined spec="time-grunt@~0.2.8" args=["time-grunt@~0.2.8",null]
277 verbose parsed url { protocol: null,
277 verbose parsed url   slashes: null,
277 verbose parsed url   auth: null,
277 verbose parsed url   host: null,
277 verbose parsed url   port: null,
277 verbose parsed url   hostname: null,
277 verbose parsed url   hash: null,
277 verbose parsed url   search: null,
277 verbose parsed url   query: null,
277 verbose parsed url   pathname: 'time-grunt@~0.2.8',
277 verbose parsed url   path: 'time-grunt@~0.2.8',
277 verbose parsed url   href: 'time-grunt@~0.2.8' }
278 verbose cache add [ 'xmldom@^0.1.19', null ]
279 verbose cache add name=undefined spec="xmldom@^0.1.19" args=["xmldom@^0.1.19",null]
280 verbose parsed url { protocol: null,
280 verbose parsed url   slashes: null,
280 verbose parsed url   auth: null,
280 verbose parsed url   host: null,
280 verbose parsed url   port: null,
280 verbose parsed url   hostname: null,
280 verbose parsed url   hash: null,
280 verbose parsed url   search: null,
280 verbose parsed url   query: null,
280 verbose parsed url   pathname: 'xmldom@^0.1.19',
280 verbose parsed url   path: 'xmldom@^0.1.19',
280 verbose parsed url   href: 'xmldom@^0.1.19' }
281 verbose url raw grunt-connect-proxy
282 verbose url resolving [ 'http://localhost:8081/nexus/content/repositories/npm_registry/',
282 verbose url resolving   './grunt-connect-proxy' ]
283 verbose url resolved http://localhost:8081/nexus/content/repositories/npm_registry/grunt-connect-proxy
284 info trying registry request attempt 1 at 22:22:25
285 http GET http://localhost:8081/nexus/content/repositories/npm_registry/grunt-connect-proxy
286 verbose url raw grunt-contrib-clean
287 verbose url resolving [ 'http://localhost:8081/nexus/content/repositories/npm_registry/',
287 verbose url resolving   './grunt-contrib-clean' ]
288 verbose url resolved http://localhost:8081/nexus/content/repositories/npm_registry/grunt-contrib-clean
289 info trying registry request attempt 1 at 22:22:25
290 http GET http://localhost:8081/nexus/content/repositories/npm_registry/grunt-contrib-clean
291 verbose url raw grunt-contrib-concat
292 verbose url resolving [ 'http://localhost:8081/nexus/content/repositories/npm_registry/',
292 verbose url resolving   './grunt-contrib-concat' ]
293 verbose url resolved http://localhost:8081/nexus/content/repositories/npm_registry/grunt-contrib-concat
294 info trying registry request attempt 1 at 22:22:25
295 http GET http://localhost:8081/nexus/content/repositories/npm_registry/grunt-contrib-concat
296 silly addNameRange { name: 'grunt-styleguide',
296 silly addNameRange   range: '>=0.2.15-0 <0.3.0-0',
296 silly addNameRange   hasData: false }
297 silly addNameRange { name: 'grunt-phantomas',
297 silly addNameRange   range: '>=0.9.0-0 <0.10.0-0',
297 silly addNameRange   hasData: false }
298 silly addNameRange { name: 'grunt-usemin',
298 silly addNameRange   range: '>=2.0.2-0 <2.1.0-0',
298 silly addNameRange   hasData: false }
299 silly addNameRange { name: 'karma', range: '>=0.10.9-0 <0.11.0-0', hasData: false }
300 verbose cache add name="karma-jasmine" spec="~0.1.5" args=["karma-jasmine","~0.1.5"]
301 verbose parsed url { protocol: null,
301 verbose parsed url   slashes: null,
301 verbose parsed url   auth: null,
301 verbose parsed url   host: null,
301 verbose parsed url   port: null,
301 verbose parsed url   hostname: null,
301 verbose parsed url   hash: null,
301 verbose parsed url   search: null,
301 verbose parsed url   query: null,
301 verbose parsed url   pathname: '~0.1.5',
301 verbose parsed url   path: '~0.1.5',
301 verbose parsed url   href: '~0.1.5' }
302 verbose addNamed [ 'karma-jasmine', '~0.1.5' ]
303 verbose addNamed [ null, '>=0.1.5-0 <0.2.0-0' ]
304 silly lockFile 7560904b-karma-jasmine-0-1-5 karma-jasmine@~0.1.5
305 verbose lock karma-jasmine@~0.1.5 /Users/null/.npm/7560904b-karma-jasmine-0-1-5.lock
306 verbose cache add name="karma-phantomjs-launcher" spec="~0.1.1" args=["karma-phantomjs-launcher","~0.1.1"]
307 verbose parsed url { protocol: null,
307 verbose parsed url   slashes: null,
307 verbose parsed url   auth: null,
307 verbose parsed url   host: null,
307 verbose parsed url   port: null,
307 verbose parsed url   hostname: null,
307 verbose parsed url   hash: null,
307 verbose parsed url   search: null,
307 verbose parsed url   query: null,
307 verbose parsed url   pathname: '~0.1.1',
307 verbose parsed url   path: '~0.1.1',
307 verbose parsed url   href: '~0.1.1' }
308 verbose addNamed [ 'karma-phantomjs-launcher', '~0.1.1' ]
309 verbose addNamed [ null, '>=0.1.1-0 <0.2.0-0' ]
310 silly lockFile c6c9480c-karma-phantomjs-launcher-0-1-1 karma-phantomjs-launcher@~0.1.1
311 verbose lock karma-phantomjs-launcher@~0.1.1 /Users/null/.npm/c6c9480c-karma-phantomjs-launcher-0-1-1.lock
312 verbose cache add name="karma-requirejs" spec="~0.2.1" args=["karma-requirejs","~0.2.1"]
313 verbose parsed url { protocol: null,
313 verbose parsed url   slashes: null,
313 verbose parsed url   auth: null,
313 verbose parsed url   host: null,
313 verbose parsed url   port: null,
313 verbose parsed url   hostname: null,
313 verbose parsed url   hash: null,
313 verbose parsed url   search: null,
313 verbose parsed url   query: null,
313 verbose parsed url   pathname: '~0.2.1',
313 verbose parsed url   path: '~0.2.1',
313 verbose parsed url   href: '~0.2.1' }
314 verbose addNamed [ 'karma-requirejs', '~0.2.1' ]
315 verbose addNamed [ null, '>=0.2.1-0 <0.3.0-0' ]
316 silly lockFile 9a04bfd8-karma-requirejs-0-2-1 karma-requirejs@~0.2.1
317 verbose lock karma-requirejs@~0.2.1 /Users/null/.npm/9a04bfd8-karma-requirejs-0-2-1.lock
318 verbose cache add name="karma-script-launcher" spec="~0.1.0" args=["karma-script-launcher","~0.1.0"]
319 verbose parsed url { protocol: null,
319 verbose parsed url   slashes: null,
319 verbose parsed url   auth: null,
319 verbose parsed url   host: null,
319 verbose parsed url   port: null,
319 verbose parsed url   hostname: null,
319 verbose parsed url   hash: null,
319 verbose parsed url   search: null,
319 verbose parsed url   query: null,
319 verbose parsed url   pathname: '~0.1.0',
319 verbose parsed url   path: '~0.1.0',
319 verbose parsed url   href: '~0.1.0' }
320 verbose addNamed [ 'karma-script-launcher', '~0.1.0' ]
321 verbose addNamed [ null, '>=0.1.0-0 <0.2.0-0' ]
322 silly lockFile 706ef7c2-karma-script-launcher-0-1-0 karma-script-launcher@~0.1.0
323 verbose lock karma-script-launcher@~0.1.0 /Users/null/.npm/706ef7c2-karma-script-launcher-0-1-0.lock
324 verbose cache add name="load-grunt-tasks" spec="~0.3.0" args=["load-grunt-tasks","~0.3.0"]
325 verbose parsed url { protocol: null,
325 verbose parsed url   slashes: null,
325 verbose parsed url   auth: null,
325 verbose parsed url   host: null,
325 verbose parsed url   port: null,
325 verbose parsed url   hostname: null,
325 verbose parsed url   hash: null,
325 verbose parsed url   search: null,
325 verbose parsed url   query: null,
325 verbose parsed url   pathname: '~0.3.0',
325 verbose parsed url   path: '~0.3.0',
325 verbose parsed url   href: '~0.3.0' }
326 verbose addNamed [ 'load-grunt-tasks', '~0.3.0' ]
327 verbose addNamed [ null, '>=0.3.0-0 <0.4.0-0' ]
328 silly lockFile ff414a8b-load-grunt-tasks-0-3-0 load-grunt-tasks@~0.3.0
329 verbose lock load-grunt-tasks@~0.3.0 /Users/null/.npm/ff414a8b-load-grunt-tasks-0-3-0.lock
330 verbose cache add name="time-grunt" spec="~0.2.8" args=["time-grunt","~0.2.8"]
331 verbose parsed url { protocol: null,
331 verbose parsed url   slashes: null,
331 verbose parsed url   auth: null,
331 verbose parsed url   host: null,
331 verbose parsed url   port: null,
331 verbose parsed url   hostname: null,
331 verbose parsed url   hash: null,
331 verbose parsed url   search: null,
331 verbose parsed url   query: null,
331 verbose parsed url   pathname: '~0.2.8',
331 verbose parsed url   path: '~0.2.8',
331 verbose parsed url   href: '~0.2.8' }
332 verbose addNamed [ 'time-grunt', '~0.2.8' ]
333 verbose addNamed [ null, '>=0.2.8-0 <0.3.0-0' ]
334 silly lockFile 2054b478-time-grunt-0-2-8 time-grunt@~0.2.8
335 verbose lock time-grunt@~0.2.8 /Users/null/.npm/2054b478-time-grunt-0-2-8.lock
336 verbose cache add name="xmldom" spec="^0.1.19" args=["xmldom","^0.1.19"]
337 verbose parsed url { protocol: null,
337 verbose parsed url   slashes: null,
337 verbose parsed url   auth: null,
337 verbose parsed url   host: null,
337 verbose parsed url   port: null,
337 verbose parsed url   hostname: null,
337 verbose parsed url   hash: null,
337 verbose parsed url   search: null,
337 verbose parsed url   query: null,
337 verbose parsed url   pathname: '^0.1.19',
337 verbose parsed url   path: '^0.1.19',
337 verbose parsed url   href: '^0.1.19' }
338 verbose addNamed [ 'xmldom', '^0.1.19' ]
339 verbose addNamed [ null, '>=0.1.19-0 <0.2.0-0' ]
340 silly lockFile de086957-xmldom-0-1-19 xmldom@^0.1.19
341 verbose lock xmldom@^0.1.19 /Users/null/.npm/de086957-xmldom-0-1-19.lock
342 verbose url raw grunt-contrib-connect
343 verbose url resolving [ 'http://localhost:8081/nexus/content/repositories/npm_registry/',
343 verbose url resolving   './grunt-contrib-connect' ]
344 verbose url resolved http://localhost:8081/nexus/content/repositories/npm_registry/grunt-contrib-connect
345 info trying registry request attempt 1 at 22:22:25
346 http GET http://localhost:8081/nexus/content/repositories/npm_registry/grunt-contrib-connect
347 verbose url raw grunt-contrib-copy
348 verbose url resolving [ 'http://localhost:8081/nexus/content/repositories/npm_registry/',
348 verbose url resolving   './grunt-contrib-copy' ]
349 verbose url resolved http://localhost:8081/nexus/content/repositories/npm_registry/grunt-contrib-copy
350 info trying registry request attempt 1 at 22:22:25
351 http GET http://localhost:8081/nexus/content/repositories/npm_registry/grunt-contrib-copy
352 silly addNameRange { name: 'karma-chrome-launcher',
352 silly addNameRange   range: '>=0.1.2-0 <0.2.0-0',
352 silly addNameRange   hasData: false }
353 silly addNameRange { name: 'karma-coverage',
353 silly addNameRange   range: '>=0.1.5-0 <0.2.0-0',
353 silly addNameRange   hasData: false }
354 silly addNameRange { name: 'karma-firefox-launcher',
354 silly addNameRange   range: '>=0.1.3-0 <0.2.0-0',
354 silly addNameRange   hasData: false }
355 verbose url raw grunt-contrib-jshint
356 verbose url resolving [ 'http://localhost:8081/nexus/content/repositories/npm_registry/',
356 verbose url resolving   './grunt-contrib-jshint' ]
357 verbose url resolved http://localhost:8081/nexus/content/repositories/npm_registry/grunt-contrib-jshint
358 info trying registry request attempt 1 at 22:22:25
359 http GET http://localhost:8081/nexus/content/repositories/npm_registry/grunt-contrib-jshint
360 verbose url raw grunt-contrib-htmlmin
361 verbose url resolving [ 'http://localhost:8081/nexus/content/repositories/npm_registry/',
361 verbose url resolving   './grunt-contrib-htmlmin' ]
362 verbose url resolved http://localhost:8081/nexus/content/repositories/npm_registry/grunt-contrib-htmlmin
363 info trying registry request attempt 1 at 22:22:25
364 http GET http://localhost:8081/nexus/content/repositories/npm_registry/grunt-contrib-htmlmin
365 verbose url raw grunt-contrib-sass
366 verbose url resolving [ 'http://localhost:8081/nexus/content/repositories/npm_registry/',
366 verbose url resolving   './grunt-contrib-sass' ]
367 verbose url resolved http://localhost:8081/nexus/content/repositories/npm_registry/grunt-contrib-sass
368 info trying registry request attempt 1 at 22:22:25
369 http GET http://localhost:8081/nexus/content/repositories/npm_registry/grunt-contrib-sass
370 silly addNameRange { name: 'karma-jasmine',
370 silly addNameRange   range: '>=0.1.5-0 <0.2.0-0',
370 silly addNameRange   hasData: false }
371 silly addNameRange { name: 'karma-phantomjs-launcher',
371 silly addNameRange   range: '>=0.1.1-0 <0.2.0-0',
371 silly addNameRange   hasData: false }
372 silly addNameRange { name: 'karma-requirejs',
372 silly addNameRange   range: '>=0.2.1-0 <0.3.0-0',
372 silly addNameRange   hasData: false }
373 silly addNameRange { name: 'karma-script-launcher',
373 silly addNameRange   range: '>=0.1.0-0 <0.2.0-0',
373 silly addNameRange   hasData: false }
374 silly addNameRange { name: 'load-grunt-tasks',
374 silly addNameRange   range: '>=0.3.0-0 <0.4.0-0',
374 silly addNameRange   hasData: false }
375 silly addNameRange { name: 'time-grunt',
375 silly addNameRange   range: '>=0.2.8-0 <0.3.0-0',
375 silly addNameRange   hasData: false }
376 silly addNameRange { name: 'xmldom', range: '>=0.1.19-0 <0.2.0-0', hasData: false }
377 verbose url raw grunt-karma
378 verbose url resolving [ 'http://localhost:8081/nexus/content/repositories/npm_registry/',
378 verbose url resolving   './grunt-karma' ]
379 verbose url resolved http://localhost:8081/nexus/content/repositories/npm_registry/grunt-karma
380 info trying registry request attempt 1 at 22:22:25
381 http GET http://localhost:8081/nexus/content/repositories/npm_registry/grunt-karma
382 verbose url raw grunt-contrib-watch
383 verbose url resolving [ 'http://localhost:8081/nexus/content/repositories/npm_registry/',
383 verbose url resolving   './grunt-contrib-watch' ]
384 verbose url resolved http://localhost:8081/nexus/content/repositories/npm_registry/grunt-contrib-watch
385 info trying registry request attempt 1 at 22:22:25
386 http GET http://localhost:8081/nexus/content/repositories/npm_registry/grunt-contrib-watch
387 verbose url raw grunt-contrib-uglify
388 verbose url resolving [ 'http://localhost:8081/nexus/content/repositories/npm_registry/',
388 verbose url resolving   './grunt-contrib-uglify' ]
389 verbose url resolved http://localhost:8081/nexus/content/repositories/npm_registry/grunt-contrib-uglify
390 info trying registry request attempt 1 at 22:22:25
391 http GET http://localhost:8081/nexus/content/repositories/npm_registry/grunt-contrib-uglify
392 verbose url raw grunt-open
393 verbose url resolving [ 'http://localhost:8081/nexus/content/repositories/npm_registry/',
393 verbose url resolving   './grunt-open' ]
394 verbose url resolved http://localhost:8081/nexus/content/repositories/npm_registry/grunt-open
395 info trying registry request attempt 1 at 22:22:25
396 http GET http://localhost:8081/nexus/content/repositories/npm_registry/grunt-open
397 verbose url raw grunt-ngmin
398 verbose url resolving [ 'http://localhost:8081/nexus/content/repositories/npm_registry/',
398 verbose url resolving   './grunt-ngmin' ]
399 verbose url resolved http://localhost:8081/nexus/content/repositories/npm_registry/grunt-ngmin
400 info trying registry request attempt 1 at 22:22:25
401 http GET http://localhost:8081/nexus/content/repositories/npm_registry/grunt-ngmin
402 verbose url raw grunt-styleguide
403 verbose url resolving [ 'http://localhost:8081/nexus/content/repositories/npm_registry/',
403 verbose url resolving   './grunt-styleguide' ]
404 verbose url resolved http://localhost:8081/nexus/content/repositories/npm_registry/grunt-styleguide
405 info trying registry request attempt 1 at 22:22:25
406 http GET http://localhost:8081/nexus/content/repositories/npm_registry/grunt-styleguide
407 verbose url raw grunt-phantomas
408 verbose url resolving [ 'http://localhost:8081/nexus/content/repositories/npm_registry/',
408 verbose url resolving   './grunt-phantomas' ]
409 verbose url resolved http://localhost:8081/nexus/content/repositories/npm_registry/grunt-phantomas
410 info trying registry request attempt 1 at 22:22:25
411 http GET http://localhost:8081/nexus/content/repositories/npm_registry/grunt-phantomas
412 verbose url raw grunt-usemin
413 verbose url resolving [ 'http://localhost:8081/nexus/content/repositories/npm_registry/',
413 verbose url resolving   './grunt-usemin' ]
414 verbose url resolved http://localhost:8081/nexus/content/repositories/npm_registry/grunt-usemin
415 info trying registry request attempt 1 at 22:22:25
416 http GET http://localhost:8081/nexus/content/repositories/npm_registry/grunt-usemin
417 verbose url raw karma
418 verbose url resolving [ 'http://localhost:8081/nexus/content/repositories/npm_registry/',
418 verbose url resolving   './karma' ]
419 verbose url resolved http://localhost:8081/nexus/content/repositories/npm_registry/karma
420 info trying registry request attempt 1 at 22:22:25
421 http GET http://localhost:8081/nexus/content/repositories/npm_registry/karma
422 verbose url raw karma-chrome-launcher
423 verbose url resolving [ 'http://localhost:8081/nexus/content/repositories/npm_registry/',
423 verbose url resolving   './karma-chrome-launcher' ]
424 verbose url resolved http://localhost:8081/nexus/content/repositories/npm_registry/karma-chrome-launcher
425 info trying registry request attempt 1 at 22:22:25
426 http GET http://localhost:8081/nexus/content/repositories/npm_registry/karma-chrome-launcher
427 verbose url raw karma-firefox-launcher
428 verbose url resolving [ 'http://localhost:8081/nexus/content/repositories/npm_registry/',
428 verbose url resolving   './karma-firefox-launcher' ]
429 verbose url resolved http://localhost:8081/nexus/content/repositories/npm_registry/karma-firefox-launcher
430 info trying registry request attempt 1 at 22:22:25
431 http GET http://localhost:8081/nexus/content/repositories/npm_registry/karma-firefox-launcher
432 verbose url raw karma-coverage
433 verbose url resolving [ 'http://localhost:8081/nexus/content/repositories/npm_registry/',
433 verbose url resolving   './karma-coverage' ]
434 verbose url resolved http://localhost:8081/nexus/content/repositories/npm_registry/karma-coverage
435 info trying registry request attempt 1 at 22:22:25
436 http GET http://localhost:8081/nexus/content/repositories/npm_registry/karma-coverage
437 http 200 http://localhost:8081/nexus/content/repositories/npm_registry/connect-livereload
438 silly registry.get cb [ 200,
438 silly registry.get   { date: 'Thu, 21 Aug 2014 05:22:25 GMT',
438 silly registry.get     server: 'Nexus/2.10.0-SNAPSHOT',
438 silly registry.get     'x-frame-options': 'SAMEORIGIN',
438 silly registry.get     'x-content-type-options': 'nosniff',
438 silly registry.get     'set-cookie': [ 'rememberMe=deleteMe; Path=/nexus; Max-Age=0; Expires=Wed, 20-Aug-2014 05:22:25 GMT' ],
438 silly registry.get     'accept-ranges': 'bytes',
438 silly registry.get     'content-type': 'application/json',
438 silly registry.get     'last-modified': 'Thu, 21 Aug 2014 05:22:25 GMT',
438 silly registry.get     'content-length': '16899' } ]
439 http 200 http://localhost:8081/nexus/content/repositories/npm_registry/grunt-concurrent
440 silly registry.get cb [ 200,
440 silly registry.get   { date: 'Thu, 21 Aug 2014 05:22:25 GMT',
440 silly registry.get     server: 'Nexus/2.10.0-SNAPSHOT',
440 silly registry.get     'x-frame-options': 'SAMEORIGIN',
440 silly registry.get     'x-content-type-options': 'nosniff',
440 silly registry.get     'set-cookie': [ 'rememberMe=deleteMe; Path=/nexus; Max-Age=0; Expires=Wed, 20-Aug-2014 05:22:25 GMT' ],
440 silly registry.get     'accept-ranges': 'bytes',
440 silly registry.get     'content-type': 'application/json',
440 silly registry.get     'last-modified': 'Thu, 21 Aug 2014 05:22:25 GMT',
440 silly registry.get     'content-length': '16786' } ]
441 http 200 http://localhost:8081/nexus/content/repositories/npm_registry/grunt-connect-proxy
442 silly registry.get cb [ 200,
442 silly registry.get   { date: 'Thu, 21 Aug 2014 05:22:25 GMT',
442 silly registry.get     server: 'Nexus/2.10.0-SNAPSHOT',
442 silly registry.get     'x-frame-options': 'SAMEORIGIN',
442 silly registry.get     'x-content-type-options': 'nosniff',
442 silly registry.get     'set-cookie': [ 'rememberMe=deleteMe; Path=/nexus; Max-Age=0; Expires=Wed, 20-Aug-2014 05:22:25 GMT' ],
442 silly registry.get     'accept-ranges': 'bytes',
442 silly registry.get     'content-type': 'application/json',
442 silly registry.get     'last-modified': 'Thu, 21 Aug 2014 05:22:25 GMT',
442 silly registry.get     'content-length': '22100' } ]
443 http 200 http://localhost:8081/nexus/content/repositories/npm_registry/grunt-autoprefixer
444 silly registry.get cb [ 200,
444 silly registry.get   { date: 'Thu, 21 Aug 2014 05:22:25 GMT',
444 silly registry.get     server: 'Nexus/2.10.0-SNAPSHOT',
444 silly registry.get     'x-frame-options': 'SAMEORIGIN',
444 silly registry.get     'x-content-type-options': 'nosniff',
444 silly registry.get     'set-cookie': [ 'rememberMe=deleteMe; Path=/nexus; Max-Age=0; Expires=Wed, 20-Aug-2014 05:22:25 GMT' ],
444 silly registry.get     'accept-ranges': 'bytes',
444 silly registry.get     'content-type': 'application/json',
444 silly registry.get     'last-modified': 'Thu, 21 Aug 2014 05:22:25 GMT',
444 silly registry.get     'content-length': '50880' } ]
445 verbose url raw karma-jasmine
446 verbose url resolving [ 'http://localhost:8081/nexus/content/repositories/npm_registry/',
446 verbose url resolving   './karma-jasmine' ]
447 verbose url resolved http://localhost:8081/nexus/content/repositories/npm_registry/karma-jasmine
448 info trying registry request attempt 1 at 22:22:25
449 http GET http://localhost:8081/nexus/content/repositories/npm_registry/karma-jasmine
450 verbose url raw karma-requirejs
451 verbose url resolving [ 'http://localhost:8081/nexus/content/repositories/npm_registry/',
451 verbose url resolving   './karma-requirejs' ]
452 verbose url resolved http://localhost:8081/nexus/content/repositories/npm_registry/karma-requirejs
453 info trying registry request attempt 1 at 22:22:25
454 http GET http://localhost:8081/nexus/content/repositories/npm_registry/karma-requirejs
455 verbose url raw karma-phantomjs-launcher
456 verbose url resolving [ 'http://localhost:8081/nexus/content/repositories/npm_registry/',
456 verbose url resolving   './karma-phantomjs-launcher' ]
457 verbose url resolved http://localhost:8081/nexus/content/repositories/npm_registry/karma-phantomjs-launcher
458 info trying registry request attempt 1 at 22:22:25
459 http GET http://localhost:8081/nexus/content/repositories/npm_registry/karma-phantomjs-launcher
460 verbose url raw karma-script-launcher
461 verbose url resolving [ 'http://localhost:8081/nexus/content/repositories/npm_registry/',
461 verbose url resolving   './karma-script-launcher' ]
462 verbose url resolved http://localhost:8081/nexus/content/repositories/npm_registry/karma-script-launcher
463 info trying registry request attempt 1 at 22:22:25
464 http GET http://localhost:8081/nexus/content/repositories/npm_registry/karma-script-launcher
465 verbose url raw time-grunt
466 verbose url resolving [ 'http://localhost:8081/nexus/content/repositories/npm_registry/',
466 verbose url resolving   './time-grunt' ]
467 verbose url resolved http://localhost:8081/nexus/content/repositories/npm_registry/time-grunt
468 info trying registry request attempt 1 at 22:22:25
469 http GET http://localhost:8081/nexus/content/repositories/npm_registry/time-grunt
470 verbose url raw load-grunt-tasks
471 verbose url resolving [ 'http://localhost:8081/nexus/content/repositories/npm_registry/',
471 verbose url resolving   './load-grunt-tasks' ]
472 verbose url resolved http://localhost:8081/nexus/content/repositories/npm_registry/load-grunt-tasks
473 info trying registry request attempt 1 at 22:22:25
474 http GET http://localhost:8081/nexus/content/repositories/npm_registry/load-grunt-tasks
475 http 200 http://localhost:8081/nexus/content/repositories/npm_registry/grunt
476 silly registry.get cb [ 200,
476 silly registry.get   { date: 'Thu, 21 Aug 2014 05:22:25 GMT',
476 silly registry.get     server: 'Nexus/2.10.0-SNAPSHOT',
476 silly registry.get     'x-frame-options': 'SAMEORIGIN',
476 silly registry.get     'x-content-type-options': 'nosniff',
476 silly registry.get     'set-cookie': [ 'rememberMe=deleteMe; Path=/nexus; Max-Age=0; Expires=Wed, 20-Aug-2014 05:22:25 GMT' ],
476 silly registry.get     'accept-ranges': 'bytes',
476 silly registry.get     'content-type': 'application/json',
476 silly registry.get     'last-modified': 'Thu, 21 Aug 2014 05:22:25 GMT',
476 silly registry.get     'content-length': '88238' } ]
477 verbose url raw xmldom
478 verbose url resolving [ 'http://localhost:8081/nexus/content/repositories/npm_registry/',
478 verbose url resolving   './xmldom' ]
479 verbose url resolved http://localhost:8081/nexus/content/repositories/npm_registry/xmldom
480 info trying registry request attempt 1 at 22:22:25
481 http GET http://localhost:8081/nexus/content/repositories/npm_registry/xmldom
482 http 200 http://localhost:8081/nexus/content/repositories/npm_registry/grunt-contrib-clean
483 silly registry.get cb [ 200,
483 silly registry.get   { date: 'Thu, 21 Aug 2014 05:22:25 GMT',
483 silly registry.get     server: 'Nexus/2.10.0-SNAPSHOT',
483 silly registry.get     'x-frame-options': 'SAMEORIGIN',
483 silly registry.get     'x-content-type-options': 'nosniff',
483 silly registry.get     'set-cookie': [ 'rememberMe=deleteMe; Path=/nexus; Max-Age=0; Expires=Wed, 20-Aug-2014 05:22:25 GMT' ],
483 silly registry.get     'accept-ranges': 'bytes',
483 silly registry.get     'content-type': 'application/json',
483 silly registry.get     'last-modified': 'Thu, 21 Aug 2014 05:22:25 GMT',
483 silly registry.get     'content-length': '23185' } ]
484 http 200 http://localhost:8081/nexus/content/repositories/npm_registry/grunt-contrib-concat
485 silly registry.get cb [ 200,
485 silly registry.get   { date: 'Thu, 21 Aug 2014 05:22:25 GMT',
485 silly registry.get     server: 'Nexus/2.10.0-SNAPSHOT',
485 silly registry.get     'x-frame-options': 'SAMEORIGIN',
485 silly registry.get     'x-content-type-options': 'nosniff',
485 silly registry.get     'set-cookie': [ 'rememberMe=deleteMe; Path=/nexus; Max-Age=0; Expires=Wed, 20-Aug-2014 05:22:25 GMT' ],
485 silly registry.get     'accept-ranges': 'bytes',
485 silly registry.get     'content-type': 'application/json',
485 silly registry.get     'last-modified': 'Thu, 21 Aug 2014 05:22:25 GMT',
485 silly registry.get     'content-length': '26814' } ]
486 http 200 http://localhost:8081/nexus/content/repositories/npm_registry/grunt-contrib-connect
487 silly registry.get cb [ 200,
487 silly registry.get   { date: 'Thu, 21 Aug 2014 05:22:25 GMT',
487 silly registry.get     server: 'Nexus/2.10.0-SNAPSHOT',
487 silly registry.get     'x-frame-options': 'SAMEORIGIN',
487 silly registry.get     'x-content-type-options': 'nosniff',
487 silly registry.get     'set-cookie': [ 'rememberMe=deleteMe; Path=/nexus; Max-Age=0; Expires=Wed, 20-Aug-2014 05:22:25 GMT' ],
487 silly registry.get     'accept-ranges': 'bytes',
487 silly registry.get     'content-type': 'application/json',
487 silly registry.get     'last-modified': 'Thu, 21 Aug 2014 05:22:25 GMT',
487 silly registry.get     'content-length': '36469' } ]
488 http 200 http://localhost:8081/nexus/content/repositories/npm_registry/grunt-contrib-copy
489 silly registry.get cb [ 200,
489 silly registry.get   { date: 'Thu, 21 Aug 2014 05:22:25 GMT',
489 silly registry.get     server: 'Nexus/2.10.0-SNAPSHOT',
489 silly registry.get     'x-frame-options': 'SAMEORIGIN',
489 silly registry.get     'x-content-type-options': 'nosniff',
489 silly registry.get     'set-cookie': [ 'rememberMe=deleteMe; Path=/nexus; Max-Age=0; Expires=Wed, 20-Aug-2014 05:22:25 GMT' ],
489 silly registry.get     'accept-ranges': 'bytes',
489 silly registry.get     'content-type': 'application/json',
489 silly registry.get     'last-modified': 'Thu, 21 Aug 2014 05:22:25 GMT',
489 silly registry.get     'content-length': '25831' } ]
490 http 200 http://localhost:8081/nexus/content/repositories/npm_registry/grunt-contrib-htmlmin
491 silly registry.get cb [ 200,
491 silly registry.get   { date: 'Thu, 21 Aug 2014 05:22:25 GMT',
491 silly registry.get     server: 'Nexus/2.10.0-SNAPSHOT',
491 silly registry.get     'x-frame-options': 'SAMEORIGIN',
491 silly registry.get     'x-content-type-options': 'nosniff',
491 silly registry.get     'set-cookie': [ 'rememberMe=deleteMe; Path=/nexus; Max-Age=0; Expires=Wed, 20-Aug-2014 05:22:25 GMT' ],
491 silly registry.get     'accept-ranges': 'bytes',
491 silly registry.get     'content-type': 'application/json',
491 silly registry.get     'last-modified': 'Thu, 21 Aug 2014 05:22:25 GMT',
491 silly registry.get     'content-length': '14966' } ]
492 http 200 http://localhost:8081/nexus/content/repositories/npm_registry/grunt-contrib-jshint
493 silly registry.get cb [ 200,
493 silly registry.get   { date: 'Thu, 21 Aug 2014 05:22:25 GMT',
493 silly registry.get     server: 'Nexus/2.10.0-SNAPSHOT',
493 silly registry.get     'x-frame-options': 'SAMEORIGIN',
493 silly registry.get     'x-content-type-options': 'nosniff',
493 silly registry.get     'set-cookie': [ 'rememberMe=deleteMe; Path=/nexus; Max-Age=0; Expires=Wed, 20-Aug-2014 05:22:25 GMT' ],
493 silly registry.get     'accept-ranges': 'bytes',
493 silly registry.get     'content-type': 'application/json',
493 silly registry.get     'last-modified': 'Thu, 21 Aug 2014 05:22:25 GMT',
493 silly registry.get     'content-length': '51539' } ]
494 http 200 http://localhost:8081/nexus/content/repositories/npm_registry/grunt-contrib-sass
495 silly registry.get cb [ 200,
495 silly registry.get   { date: 'Thu, 21 Aug 2014 05:22:25 GMT',
495 silly registry.get     server: 'Nexus/2.10.0-SNAPSHOT',
495 silly registry.get     'x-frame-options': 'SAMEORIGIN',
495 silly registry.get     'x-content-type-options': 'nosniff',
495 silly registry.get     'set-cookie': [ 'rememberMe=deleteMe; Path=/nexus; Max-Age=0; Expires=Wed, 20-Aug-2014 05:22:25 GMT' ],
495 silly registry.get     'accept-ranges': 'bytes',
495 silly registry.get     'content-type': 'application/json',
495 silly registry.get     'last-modified': 'Thu, 21 Aug 2014 05:22:25 GMT',
495 silly registry.get     'content-length': '36705' } ]
496 http 200 http://localhost:8081/nexus/content/repositories/npm_registry/grunt-karma
497 silly registry.get cb [ 200,
497 silly registry.get   { date: 'Thu, 21 Aug 2014 05:22:25 GMT',
497 silly registry.get     server: 'Nexus/2.10.0-SNAPSHOT',
497 silly registry.get     'x-frame-options': 'SAMEORIGIN',
497 silly registry.get     'x-content-type-options': 'nosniff',
497 silly registry.get     'set-cookie': [ 'rememberMe=deleteMe; Path=/nexus; Max-Age=0; Expires=Wed, 20-Aug-2014 05:22:25 GMT' ],
497 silly registry.get     'accept-ranges': 'bytes',
497 silly registry.get     'content-type': 'application/json',
497 silly registry.get     'last-modified': 'Thu, 21 Aug 2014 05:22:25 GMT',
497 silly registry.get     'content-length': '34279' } ]
498 http 200 http://localhost:8081/nexus/content/repositories/npm_registry/grunt-ngmin
499 silly registry.get cb [ 200,
499 silly registry.get   { date: 'Thu, 21 Aug 2014 05:22:25 GMT',
499 silly registry.get     server: 'Nexus/2.10.0-SNAPSHOT',
499 silly registry.get     'x-frame-options': 'SAMEORIGIN',
499 silly registry.get     'x-content-type-options': 'nosniff',
499 silly registry.get     'set-cookie': [ 'rememberMe=deleteMe; Path=/nexus; Max-Age=0; Expires=Wed, 20-Aug-2014 05:22:25 GMT' ],
499 silly registry.get     'accept-ranges': 'bytes',
499 silly registry.get     'content-type': 'application/json',
499 silly registry.get     'last-modified': 'Thu, 21 Aug 2014 05:22:25 GMT',
499 silly registry.get     'content-length': '5072' } ]
500 http 200 http://localhost:8081/nexus/content/repositories/npm_registry/grunt-open
501 silly registry.get cb [ 200,
501 silly registry.get   { date: 'Thu, 21 Aug 2014 05:22:25 GMT',
501 silly registry.get     server: 'Nexus/2.10.0-SNAPSHOT',
501 silly registry.get     'x-frame-options': 'SAMEORIGIN',
501 silly registry.get     'x-content-type-options': 'nosniff',
501 silly registry.get     'set-cookie': [ 'rememberMe=deleteMe; Path=/nexus; Max-Age=0; Expires=Wed, 20-Aug-2014 05:22:25 GMT' ],
501 silly registry.get     'accept-ranges': 'bytes',
501 silly registry.get     'content-type': 'application/json',
501 silly registry.get     'last-modified': 'Thu, 21 Aug 2014 05:22:25 GMT',
501 silly registry.get     'content-length': '9550' } ]
502 http 200 http://localhost:8081/nexus/content/repositories/npm_registry/grunt-contrib-watch
503 silly registry.get cb [ 200,
503 silly registry.get   { date: 'Thu, 21 Aug 2014 05:22:25 GMT',
503 silly registry.get     server: 'Nexus/2.10.0-SNAPSHOT',
503 silly registry.get     'x-frame-options': 'SAMEORIGIN',
503 silly registry.get     'x-content-type-options': 'nosniff',
503 silly registry.get     'set-cookie': [ 'rememberMe=deleteMe; Path=/nexus; Max-Age=0; Expires=Wed, 20-Aug-2014 05:22:25 GMT' ],
503 silly registry.get     'accept-ranges': 'bytes',
503 silly registry.get     'content-type': 'application/json',
503 silly registry.get     'last-modified': 'Thu, 21 Aug 2014 05:22:25 GMT',
503 silly registry.get     'content-length': '58436' } ]
504 silly addNameRange number 2 { name: 'connect-livereload',
504 silly addNameRange   range: '>=0.3.2-0 <0.4.0-0',
504 silly addNameRange   hasData: true }
505 silly addNameRange versions [ 'connect-livereload',
505 silly addNameRange   [ '0.4.0',
505 silly addNameRange     '0.0.2',
505 silly addNameRange     '0.0.3',
505 silly addNameRange     '0.1.0',
505 silly addNameRange     '0.1.1',
505 silly addNameRange     '0.1.2',
505 silly addNameRange     '0.1.3',
505 silly addNameRange     '0.1.4',
505 silly addNameRange     '0.2.0',
505 silly addNameRange     '0.3.0',
505 silly addNameRange     '0.3.1',
505 silly addNameRange     '0.3.2' ] ]
506 verbose addNamed [ 'connect-livereload', '0.3.2' ]
507 verbose addNamed [ '0.3.2', '0.3.2' ]
508 silly lockFile b4eba7b2-connect-livereload-0-3-2 connect-livereload@0.3.2
509 verbose lock connect-livereload@0.3.2 /Users/null/.npm/b4eba7b2-connect-livereload-0-3-2.lock
510 silly addNameRange number 2 { name: 'grunt-concurrent',
510 silly addNameRange   range: '>=0.4.3-0 <0.5.0-0',
510 silly addNameRange   hasData: true }
511 silly addNameRange versions [ 'grunt-concurrent',
511 silly addNameRange   [ '0.5.0',
511 silly addNameRange     '0.1.0',
511 silly addNameRange     '0.1.1',
511 silly addNameRange     '0.2.0',
511 silly addNameRange     '0.3.0',
511 silly addNameRange     '0.3.1',
511 silly addNameRange     '0.4.0',
511 silly addNameRange     '0.4.1',
511 silly addNameRange     '0.4.2',
511 silly addNameRange     '0.4.3' ] ]
512 verbose addNamed [ 'grunt-concurrent', '0.4.3' ]
513 verbose addNamed [ '0.4.3', '0.4.3' ]
514 silly lockFile 901a412f-grunt-concurrent-0-4-3 grunt-concurrent@0.4.3
515 verbose lock grunt-concurrent@0.4.3 /Users/null/.npm/901a412f-grunt-concurrent-0-4-3.lock
516 silly addNameRange number 2 { name: 'grunt-connect-proxy',
516 silly addNameRange   range: '>=0.1.7-0 <0.2.0-0',
516 silly addNameRange   hasData: true }
517 silly addNameRange versions [ 'grunt-connect-proxy',
517 silly addNameRange   [ '0.1.10',
517 silly addNameRange     '0.1.0',
517 silly addNameRange     '0.1.1',
517 silly addNameRange     '0.1.2',
517 silly addNameRange     '0.1.3',
517 silly addNameRange     '0.1.4',
517 silly addNameRange     '0.1.5',
517 silly addNameRange     '0.1.6',
517 silly addNameRange     '0.1.7',
517 silly addNameRange     '0.1.8',
517 silly addNameRange     '0.1.11' ] ]
518 verbose addNamed [ 'grunt-connect-proxy', '0.1.11' ]
519 verbose addNamed [ '0.1.11', '0.1.11' ]
520 silly lockFile 2b948ab8-grunt-connect-proxy-0-1-11 grunt-connect-proxy@0.1.11
521 verbose lock grunt-connect-proxy@0.1.11 /Users/null/.npm/2b948ab8-grunt-connect-proxy-0-1-11.lock
522 silly addNameRange number 2 { name: 'grunt-autoprefixer',
522 silly addNameRange   range: '>=0.6.5-0 <0.7.0-0',
522 silly addNameRange   hasData: true }
523 silly addNameRange versions [ 'grunt-autoprefixer',
523 silly addNameRange   [ '1.0.0',
523 silly addNameRange     '0.1.0',
523 silly addNameRange     '0.1.20130424',
523 silly addNameRange     '0.1.20130516',
523 silly addNameRange     '0.1.20130615',
523 silly addNameRange     '0.2.0',
523 silly addNameRange     '0.2.20130718',
523 silly addNameRange     '0.2.20130806',
523 silly addNameRange     '0.3.0',
523 silly addNameRange     '0.3.1',
523 silly addNameRange     '0.4.0',
523 silly addNameRange     '0.4.1',
523 silly addNameRange     '0.4.2',
523 silly addNameRange     '0.5.0',
523 silly addNameRange     '0.6.0',
523 silly addNameRange     '0.6.1',
523 silly addNameRange     '0.6.2',
523 silly addNameRange     '0.6.3',
523 silly addNameRange     '0.6.4',
523 silly addNameRange     '0.6.5',
523 silly addNameRange     '0.7.0',
523 silly addNameRange     '0.7.1',
523 silly addNameRange     '0.7.2',
523 silly addNameRange     '0.7.3',
523 silly addNameRange     '0.7.4',
523 silly addNameRange     '0.7.5',
523 silly addNameRange     '0.7.6',
523 silly addNameRange     '0.8.0',
523 silly addNameRange     '0.8.1',
523 silly addNameRange     '0.8.2' ] ]
524 verbose addNamed [ 'grunt-autoprefixer', '0.6.5' ]
525 verbose addNamed [ '0.6.5', '0.6.5' ]
526 silly lockFile 165c1566-grunt-autoprefixer-0-6-5 grunt-autoprefixer@0.6.5
527 verbose lock grunt-autoprefixer@0.6.5 /Users/null/.npm/165c1566-grunt-autoprefixer-0-6-5.lock
528 silly addNameRange number 2 { name: 'grunt', range: '>=0.4.2-0 <0.5.0-0', hasData: true }
529 silly addNameRange versions [ 'grunt',
529 silly addNameRange   [ '0.4.5',
529 silly addNameRange     '0.1.0',
529 silly addNameRange     '0.1.1',
529 silly addNameRange     '0.1.2',
529 silly addNameRange     '0.2.0',
529 silly addNameRange     '0.2.1',
529 silly addNameRange     '0.2.2',
529 silly addNameRange     '0.2.3',
529 silly addNameRange     '0.2.4',
529 silly addNameRange     '0.2.5',
529 silly addNameRange     '0.2.6',
529 silly addNameRange     '0.2.7',
529 silly addNameRange     '0.2.8',
529 silly addNameRange     '0.2.9',
529 silly addNameRange     '0.2.10',
529 silly addNameRange     '0.2.11',
529 silly addNameRange     '0.2.12',
529 silly addNameRange     '0.2.13',
529 silly addNameRange     '0.2.14',
529 silly addNameRange     '0.2.15',
529 silly addNameRange     '0.3.0',
529 silly addNameRange     '0.3.1',
529 silly addNameRange     '0.3.2',
529 silly addNameRange     '0.3.3',
529 silly addNameRange     '0.3.4',
529 silly addNameRange     '0.3.5',
529 silly addNameRange     '0.3.6',
529 silly addNameRange     '0.3.7',
529 silly addNameRange     '0.3.8',
529 silly addNameRange     '0.3.9',
529 silly addNameRange     '0.3.10',
529 silly addNameRange     '0.3.11',
529 silly addNameRange     '0.3.12',
529 silly addNameRange     '0.3.13',
529 silly addNameRange     '0.3.14',
529 silly addNameRange     '0.3.15',
529 silly addNameRange     '0.3.16',
529 silly addNameRange     '0.3.17',
529 silly addNameRange     '0.4.0',
529 silly addNameRange     '0.4.1',
529 silly addNameRange     '0.4.2',
529 silly addNameRange     '0.4.3',
529 silly addNameRange     '0.4.4',
529 silly addNameRange     '0.3.13-a',
529 silly addNameRange     '0.4.0-a',
529 silly addNameRange     '0.4.0-rc1',
529 silly addNameRange     '0.4.0-rc2',
529 silly addNameRange     '0.4.0-rc3',
529 silly addNameRange     '0.4.0-rc4',
529 silly addNameRange     '0.4.0-rc5',
529 silly addNameRange     '0.4.0-rc6',
529 silly addNameRange     '0.4.0-rc7',
529 silly addNameRange     '0.4.0-rc8' ] ]
530 verbose addNamed [ 'grunt', '0.4.5' ]
531 verbose addNamed [ '0.4.5', '0.4.5' ]
532 silly lockFile 81abf7ad-grunt-0-4-5 grunt@0.4.5
533 verbose lock grunt@0.4.5 /Users/null/.npm/81abf7ad-grunt-0-4-5.lock
534 http 200 http://localhost:8081/nexus/content/repositories/npm_registry/grunt-contrib-uglify
535 silly registry.get cb [ 200,
535 silly registry.get   { date: 'Thu, 21 Aug 2014 05:22:25 GMT',
535 silly registry.get     server: 'Nexus/2.10.0-SNAPSHOT',
535 silly registry.get     'x-frame-options': 'SAMEORIGIN',
535 silly registry.get     'x-content-type-options': 'nosniff',
535 silly registry.get     'set-cookie': [ 'rememberMe=deleteMe; Path=/nexus; Max-Age=0; Expires=Wed, 20-Aug-2014 05:22:25 GMT' ],
535 silly registry.get     'accept-ranges': 'bytes',
535 silly registry.get     'content-type': 'application/json',
535 silly registry.get     'last-modified': 'Thu, 21 Aug 2014 05:22:25 GMT',
535 silly registry.get     'content-length': '49973' } ]
536 http 200 http://localhost:8081/nexus/content/repositories/npm_registry/grunt-styleguide
537 silly registry.get cb [ 200,
537 silly registry.get   { date: 'Thu, 21 Aug 2014 05:22:25 GMT',
537 silly registry.get     server: 'Nexus/2.10.0-SNAPSHOT',
537 silly registry.get     'x-frame-options': 'SAMEORIGIN',
537 silly registry.get     'x-content-type-options': 'nosniff',
537 silly registry.get     'set-cookie': [ 'rememberMe=deleteMe; Path=/nexus; Max-Age=0; Expires=Wed, 20-Aug-2014 05:22:25 GMT' ],
537 silly registry.get     'accept-ranges': 'bytes',
537 silly registry.get     'content-type': 'application/json',
537 silly registry.get     'last-modified': 'Thu, 21 Aug 2014 05:22:25 GMT',
537 silly registry.get     'content-length': '33737' } ]
538 silly addNameRange number 2 { name: 'grunt-contrib-connect',
538 silly addNameRange   range: '>=0.6.0-0 <0.7.0-0',
538 silly addNameRange   hasData: true }
539 silly addNameRange versions [ 'grunt-contrib-connect',
539 silly addNameRange   [ '0.8.0',
539 silly addNameRange     '0.1.0',
539 silly addNameRange     '0.1.1',
539 silly addNameRange     '0.1.2',
539 silly addNameRange     '0.2.0',
539 silly addNameRange     '0.3.0',
539 silly addNameRange     '0.4.0',
539 silly addNameRange     '0.4.1',
539 silly addNameRange     '0.4.2',
539 silly addNameRange     '0.5.0',
539 silly addNameRange     '0.6.0',
539 silly addNameRange     '0.7.0',
539 silly addNameRange     '0.7.1',
539 silly addNameRange     '0.1.1-rc6' ] ]
540 verbose addNamed [ 'grunt-contrib-connect', '0.6.0' ]
541 verbose addNamed [ '0.6.0', '0.6.0' ]
542 silly lockFile 3bcee867-grunt-contrib-connect-0-6-0 grunt-contrib-connect@0.6.0
543 verbose lock grunt-contrib-connect@0.6.0 /Users/null/.npm/3bcee867-grunt-contrib-connect-0-6-0.lock
544 silly addNameRange number 2 { name: 'grunt-contrib-concat',
544 silly addNameRange   range: '>=0.4.0-0 <0.5.0-0',
544 silly addNameRange   hasData: true }
545 silly addNameRange versions [ 'grunt-contrib-concat',
545 silly addNameRange   [ '0.5.0',
545 silly addNameRange     '0.1.0',
545 silly addNameRange     '0.1.1',
545 silly addNameRange     '0.1.2',
545 silly addNameRange     '0.1.3',
545 silly addNameRange     '0.2.0',
545 silly addNameRange     '0.3.0',
545 silly addNameRange     '0.4.0',
545 silly addNameRange     '0.1.2-rc5',
545 silly addNameRange     '0.1.2-rc6' ] ]
546 verbose addNamed [ 'grunt-contrib-concat', '0.4.0' ]
547 verbose addNamed [ '0.4.0', '0.4.0' ]
548 silly lockFile 6dafb8ea-grunt-contrib-concat-0-4-0 grunt-contrib-concat@0.4.0
549 verbose lock grunt-contrib-concat@0.4.0 /Users/null/.npm/6dafb8ea-grunt-contrib-concat-0-4-0.lock
550 silly addNameRange number 2 { name: 'grunt-contrib-clean',
550 silly addNameRange   range: '>=0.5.0-0 <0.6.0-0',
550 silly addNameRange   hasData: true }
551 silly addNameRange versions [ 'grunt-contrib-clean',
551 silly addNameRange   [ '0.6.0',
551 silly addNameRange     '0.1.0',
551 silly addNameRange     '0.2.0',
551 silly addNameRange     '0.3.0',
551 silly addNameRange     '0.3.1',
551 silly addNameRange     '0.3.2',
551 silly addNameRange     '0.4.0',
551 silly addNameRange     '0.4.1',
551 silly addNameRange     '0.5.0',
551 silly addNameRange     '0.4.0-a',
551 silly addNameRange     '0.4.0-rc5',
551 silly addNameRange     '0.4.0-rc6' ] ]
552 verbose addNamed [ 'grunt-contrib-clean', '0.5.0' ]
553 verbose addNamed [ '0.5.0', '0.5.0' ]
554 silly lockFile 9e0b1814-grunt-contrib-clean-0-5-0 grunt-contrib-clean@0.5.0
555 verbose lock grunt-contrib-clean@0.5.0 /Users/null/.npm/9e0b1814-grunt-contrib-clean-0-5-0.lock
556 http 200 http://localhost:8081/nexus/content/repositories/npm_registry/grunt-usemin
557 silly registry.get cb [ 200,
557 silly registry.get   { date: 'Thu, 21 Aug 2014 05:22:25 GMT',
557 silly registry.get     server: 'Nexus/2.10.0-SNAPSHOT',
557 silly registry.get     'x-frame-options': 'SAMEORIGIN',
557 silly registry.get     'x-content-type-options': 'nosniff',
557 silly registry.get     'set-cookie': [ 'rememberMe=deleteMe; Path=/nexus; Max-Age=0; Expires=Wed, 20-Aug-2014 05:22:25 GMT' ],
557 silly registry.get     'accept-ranges': 'bytes',
557 silly registry.get     'content-type': 'application/json',
557 silly registry.get     'last-modified': 'Thu, 21 Aug 2014 05:22:25 GMT',
557 silly registry.get     'content-length': '47662' } ]
558 http 200 http://localhost:8081/nexus/content/repositories/npm_registry/grunt-phantomas
559 silly registry.get cb [ 200,
559 silly registry.get   { date: 'Thu, 21 Aug 2014 05:22:25 GMT',
559 silly registry.get     server: 'Nexus/2.10.0-SNAPSHOT',
559 silly registry.get     'x-frame-options': 'SAMEORIGIN',
559 silly registry.get     'x-content-type-options': 'nosniff',
559 silly registry.get     'set-cookie': [ 'rememberMe=deleteMe; Path=/nexus; Max-Age=0; Expires=Wed, 20-Aug-2014 05:22:25 GMT' ],
559 silly registry.get     'accept-ranges': 'bytes',
559 silly registry.get     'content-type': 'application/json',
559 silly registry.get     'last-modified': 'Thu, 21 Aug 2014 05:22:25 GMT',
559 silly registry.get     'content-length': '47572' } ]
560 silly lockFile 2b948ab8-grunt-connect-proxy-0-1-11 grunt-connect-proxy@0.1.11
561 silly lockFile 2b948ab8-grunt-connect-proxy-0-1-11 grunt-connect-proxy@0.1.11
562 silly addNameRange number 2 { name: 'grunt-contrib-copy',
562 silly addNameRange   range: '>=0.5.0-0 <0.6.0-0',
562 silly addNameRange   hasData: true }
563 silly addNameRange versions [ 'grunt-contrib-copy',
563 silly addNameRange   [ '0.5.0',
563 silly addNameRange     '0.2.0',
563 silly addNameRange     '0.2.1',
563 silly addNameRange     '0.2.2',
563 silly addNameRange     '0.2.3',
563 silly addNameRange     '0.2.4',
563 silly addNameRange     '0.3.0',
563 silly addNameRange     '0.3.1',
563 silly addNameRange     '0.3.2',
563 silly addNameRange     '0.4.0',
563 silly addNameRange     '0.4.1',
563 silly addNameRange     '0.4.0-rc7' ] ]
564 verbose addNamed [ 'grunt-contrib-copy', '0.5.0' ]
565 verbose addNamed [ '0.5.0', '0.5.0' ]
566 silly lockFile a598d2f8-grunt-contrib-copy-0-5-0 grunt-contrib-copy@0.5.0
567 verbose lock grunt-contrib-copy@0.5.0 /Users/null/.npm/a598d2f8-grunt-contrib-copy-0-5-0.lock
568 http 200 http://localhost:8081/nexus/content/repositories/npm_registry/karma-chrome-launcher
569 silly registry.get cb [ 200,
569 silly registry.get   { date: 'Thu, 21 Aug 2014 05:22:25 GMT',
569 silly registry.get     server: 'Nexus/2.10.0-SNAPSHOT',
569 silly registry.get     'x-frame-options': 'SAMEORIGIN',
569 silly registry.get     'x-content-type-options': 'nosniff',
569 silly registry.get     'set-cookie': [ 'rememberMe=deleteMe; Path=/nexus; Max-Age=0; Expires=Wed, 20-Aug-2014 05:22:25 GMT' ],
569 silly registry.get     'accept-ranges': 'bytes',
569 silly registry.get     'content-type': 'application/json',
569 silly registry.get     'last-modified': 'Thu, 21 Aug 2014 05:22:25 GMT',
569 silly registry.get     'content-length': '10195' } ]
570 http 200 http://localhost:8081/nexus/content/repositories/npm_registry/karma-firefox-launcher
571 silly registry.get cb [ 200,
571 silly registry.get   { date: 'Thu, 21 Aug 2014 05:22:25 GMT',
571 silly registry.get     server: 'Nexus/2.10.0-SNAPSHOT',
571 silly registry.get     'x-frame-options': 'SAMEORIGIN',
571 silly registry.get     'x-content-type-options': 'nosniff',
571 silly registry.get     'set-cookie': [ 'rememberMe=deleteMe; Path=/nexus; Max-Age=0; Expires=Wed, 20-Aug-2014 05:22:25 GMT' ],
571 silly registry.get     'accept-ranges': 'bytes',
571 silly registry.get     'content-type': 'application/json',
571 silly registry.get     'last-modified': 'Thu, 21 Aug 2014 05:22:25 GMT',
571 silly registry.get     'content-length': '13659' } ]
572 silly lockFile a3aa8143-grunt-connect-proxy-0-1-7 grunt-connect-proxy@~0.1.7
573 silly lockFile a3aa8143-grunt-connect-proxy-0-1-7 grunt-connect-proxy@~0.1.7
574 silly addNameRange number 2 { name: 'grunt-contrib-jshint',
574 silly addNameRange   range: '>=0.8.0-0 <0.9.0-0',
574 silly addNameRange   hasData: true }
575 silly addNameRange versions [ 'grunt-contrib-jshint',
575 silly addNameRange   [ '0.10.0',
575 silly addNameRange     '0.1.0',
575 silly addNameRange     '0.1.1',
575 silly addNameRange     '0.2.0',
575 silly addNameRange     '0.3.0',
575 silly addNameRange     '0.4.0',
575 silly addNameRange     '0.4.1',
575 silly addNameRange     '0.4.2',
575 silly addNameRange     '0.4.3',
575 silly addNameRange     '0.5.0',
575 silly addNameRange     '0.5.1',
575 silly addNameRange     '0.5.2',
575 silly addNameRange     '0.5.3',
575 silly addNameRange     '0.5.4',
575 silly addNameRange     '0.6.0',
575 silly addNameRange     '0.6.1',
575 silly addNameRange     '0.6.2',
575 silly addNameRange     '0.6.3',
575 silly addNameRange     '0.6.4',
575 silly addNameRange     '0.6.5',
575 silly addNameRange     '0.7.0',
575 silly addNameRange     '0.7.1',
575 silly addNameRange     '0.7.2',
575 silly addNameRange     '0.8.0',
575 silly addNameRange     '0.9.0',
575 silly addNameRange     '0.9.1',
575 silly addNameRange     '0.9.2',
575 silly addNameRange     '0.1.1-rc5',
575 silly addNameRange     '0.1.1-rc6' ] ]
576 verbose addNamed [ 'grunt-contrib-jshint', '0.8.0' ]
577 verbose addNamed [ '0.8.0', '0.8.0' ]
578 silly lockFile f4748631-grunt-contrib-jshint-0-8-0 grunt-contrib-jshint@0.8.0
579 verbose lock grunt-contrib-jshint@0.8.0 /Users/null/.npm/f4748631-grunt-contrib-jshint-0-8-0.lock
580 silly addNameRange number 2 { name: 'grunt-contrib-htmlmin',
580 silly addNameRange   range: '>=0.1.3-0 <0.2.0-0',
580 silly addNameRange   hasData: true }
581 silly addNameRange versions [ 'grunt-contrib-htmlmin',
581 silly addNameRange   [ '0.3.0', '0.1.0', '0.1.1', '0.1.2', '0.1.3', '0.1.1-rc7', '0.2.0' ] ]
582 verbose addNamed [ 'grunt-contrib-htmlmin', '0.1.3' ]
583 verbose addNamed [ '0.1.3', '0.1.3' ]
584 silly lockFile 613772ee-grunt-contrib-htmlmin-0-1-3 grunt-contrib-htmlmin@0.1.3
585 verbose lock grunt-contrib-htmlmin@0.1.3 /Users/null/.npm/613772ee-grunt-contrib-htmlmin-0-1-3.lock
586 silly addNameRange number 2 { name: 'grunt-contrib-sass',
586 silly addNameRange   range: '>=0.7.3-0 <0.8.0-0',
586 silly addNameRange   hasData: true }
587 silly addNameRange versions [ 'grunt-contrib-sass',
587 silly addNameRange   [ '0.7.3',
587 silly addNameRange     '0.1.0',
587 silly addNameRange     '0.1.1',
587 silly addNameRange     '0.1.2',
587 silly addNameRange     '0.1.3',
587 silly addNameRange     '0.2.0',
587 silly addNameRange     '0.2.1',
587 silly addNameRange     '0.2.2',
587 silly addNameRange     '0.3.0',
587 silly addNameRange     '0.4.0',
587 silly addNameRange     '0.4.1',
587 silly addNameRange     '0.5.0',
587 silly addNameRange     '0.5.1',
587 silly addNameRange     '0.6.0',
587 silly addNameRange     '0.2.2-rc7',
587 silly addNameRange     '0.7.0',
587 silly addNameRange     '0.7.1',
587 silly addNameRange     '0.7.2',
587 silly addNameRange     '0.7.4' ] ]
588 verbose addNamed [ 'grunt-contrib-sass', '0.7.4' ]
589 verbose addNamed [ '0.7.4', '0.7.4' ]
590 silly lockFile 99ee2b83-grunt-contrib-sass-0-7-4 grunt-contrib-sass@0.7.4
591 verbose lock grunt-contrib-sass@0.7.4 /Users/null/.npm/99ee2b83-grunt-contrib-sass-0-7-4.lock
592 silly addNameRange number 2 { name: 'grunt-karma',
592 silly addNameRange   range: '>=0.6.2-0 <0.7.0-0',
592 silly addNameRange   hasData: true }
593 silly addNameRange versions [ 'grunt-karma',
593 silly addNameRange   [ '0.8.3',
593 silly addNameRange     '0.5.0',
593 silly addNameRange     '0.5.1',
593 silly addNameRange     '0.5.3',
593 silly addNameRange     '0.5.4',
593 silly addNameRange     '0.7.0',
593 silly addNameRange     '0.7.1',
593 silly addNameRange     '0.7.2',
593 silly addNameRange     '0.7.3',
593 silly addNameRange     '0.3.0',
593 silly addNameRange     '0.4.0',
593 silly addNameRange     '0.4.1',
593 silly addNameRange     '0.4.2',
593 silly addNameRange     '0.4.3',
593 silly addNameRange     '0.4.4',
593 silly addNameRange     '0.4.5',
593 silly addNameRange     '0.5.2',
593 silly addNameRange     '0.4.6',
593 silly addNameRange     '0.6.0',
593 silly addNameRange     '0.6.1',
593 silly addNameRange     '0.6.2',
593 silly addNameRange     '0.8.0',
593 silly addNameRange     '0.8.1',
593 silly addNameRange     '0.8.2' ] ]
594 verbose addNamed [ 'grunt-karma', '0.6.2' ]
595 verbose addNamed [ '0.6.2', '0.6.2' ]
596 silly lockFile 5237908c-grunt-karma-0-6-2 grunt-karma@0.6.2
597 verbose lock grunt-karma@0.6.2 /Users/null/.npm/5237908c-grunt-karma-0-6-2.lock
598 error Error: No dist in undefined package
598 error     at next (/usr/local/lib/node_modules/npm/lib/cache/add-named.js:136:26)
598 error     at addNameVersion (/usr/local/lib/node_modules/npm/lib/cache/add-named.js:114:12)
598 error     at /usr/local/lib/node_modules/npm/lib/cache/add-named.js:47:5
598 error     at /usr/local/lib/node_modules/npm/lib/utils/locker.js:30:7
598 error     at /usr/local/lib/node_modules/npm/node_modules/lockfile/lockfile.js:143:23
598 error     at /usr/local/lib/node_modules/npm/node_modules/lockfile/lockfile.js:161:16
598 error     at /usr/local/lib/node_modules/npm/node_modules/graceful-fs/graceful-fs.js:105:5
598 error     at Object.oncomplete (fs.js:107:15)
599 error If you need help, you may report this *entire* log,
599 error including the npm and node versions, at:
599 error     <http://github.com/npm/npm/issues>
600 error System Darwin 13.3.0
601 error command "node" "/usr/local/bin/npm" "install"
602 error cwd /Users/null/sonatype/insight-brain/insight-brain-service
603 error node -v v0.10.29
604 error npm -v 1.4.14
605 verbose exit [ 1, true ]
